Return-Path: <stable-owner@vger.kernel.org>
X-Original-To: lists+stable@lfdr.de
Delivered-To: lists+stable@lfdr.de
Received: from out1.vger.email (out1.vger.email [IPv6:2620:137:e000::1:20])
	by mail.lfdr.de (Postfix) with ESMTP id 4E1506E6C69
	for <lists+stable@lfdr.de>; Tue, 18 Apr 2023 20:49:25 +0200 (CEST)
Received: (majordomo@vger.kernel.org) by vger.kernel.org via listexpand
        id S231384AbjDRStX (ORCPT <rfc822;lists+stable@lfdr.de>);
        Tue, 18 Apr 2023 14:49:23 -0400
Received: from lindbergh.monkeyblade.net ([23.128.96.19]:40886 "EHLO
        lindbergh.monkeyblade.net" rhost-flags-OK-OK-OK-OK) by vger.kernel.org
        with ESMTP id S230526AbjDRStW (ORCPT
        <rfc822;stable@vger.kernel.org>); Tue, 18 Apr 2023 14:49:22 -0400
Received: from mout-p-102.mailbox.org (mout-p-102.mailbox.org [80.241.56.152])
        by lindbergh.monkeyblade.net (Postfix) with ESMTPS id 13EE1E77
        for <stable@vger.kernel.org>; Tue, 18 Apr 2023 11:49:15 -0700 (PDT)
Received: from smtp1.mailbox.org (smtp1.mailbox.org [IPv6:2001:67c:2050:b231:465::1])
        (using TLSv1.3 with cipher TLS_AES_256_GCM_SHA384 (256/256 bits)
         key-exchange ECDHE (P-384) server-signature RSA-PSS (4096 bits) server-digest SHA256)
        (No client certificate requested)
        by mout-p-102.mailbox.org (Postfix) with ESMTPS id 4Q1Cd36t0kz9sdG;
        Tue, 18 Apr 2023 20:49:11 +0200 (CEST)
DKIM-Signature: v=1; a=rsa-sha256; c=relaxed/relaxed; d=mailbox.org; s=mail20150812;
        t=1681843752;
        h=from:from:reply-to:subject:subject:date:date:message-id:message-id:
         to:to:cc:cc:mime-version:mime-version:content-type:content-type;
        bh=pBnA0f8qU2DTlw+GmhjoMqi4fmbTRwdXmT5E6oCzBwA=;
        b=T/JZtNP+kR36ETs3HC/ZFbWUiXiENg94Gj7gdzbBiofovDmq/s9jitrLDpL6BnP3uE3+jH
        9KWKdnMcypz7rxl7Il/nFhQyzarg5o5U43kL/t1VGx3kfaG+ekg3KjCP2TreTZXziJVIEx
        QZm+PK7IvDEFX8+ci6R8R/XgSuc+ZYptMaMqbvjmWmqfMRKfPnMzrV8HqP583c53nYiUL/
        3cBOGQJYpGZn/U9SjxgVuZK75Ze1JdPnIVBaJDrE5AAXlgDlGtcCAro8tqM5HK3J23wmJm
        r0ZM+qvMosLERwqCJWyxbcdecS2zayzNM4/ACkNI3zj845hih3TQzvfFHj2yVg==
Date:   Tue, 18 Apr 2023 20:49:07 +0200
From:   Erhard Furtner <erhard_f@mailbox.org>
To:     linux-mm@kvack.org
Cc:     stable@vger.kernel.org
Subject: BUG: unable to handle page fault for address: c370a778, #PF:
 error_code(0x0000) - not-present page (kernel v6.3-rc7, Pentium 4)
Message-ID: <20230418204907.22e9758f@yea>
MIME-Version: 1.0
Content-Type: multipart/mixed; boundary="MP_//WcVFtr5j0pMwAJ.drr42AI"
X-MBO-RS-META: 94gnr79nszdasx539574knw4jntg7rn8
X-MBO-RS-ID: 01057ff793c72748e9d
X-Spam-Status: No, score=-2.8 required=5.0 tests=BAYES_00,DKIM_SIGNED,
        DKIM_VALID,DKIM_VALID_AU,DKIM_VALID_EF,RCVD_IN_DNSWL_LOW,SPF_HELO_NONE,
        SPF_PASS,T_SCC_BODY_TEXT_LINE,URIBL_BLOCKED autolearn=ham
        autolearn_force=no version=3.4.6
X-Spam-Checker-Version: SpamAssassin 3.4.6 (2021-04-09) on
        lindbergh.monkeyblade.net
Precedence: bulk
List-ID: <stable.vger.kernel.org>
X-Mailing-List: stable@vger.kernel.org

--MP_//WcVFtr5j0pMwAJ.drr42AI
Content-Type: text/plain; charset=US-ASCII
Content-Transfer-Encoding: 7bit
Content-Disposition: inline

Greetings!

Getting this every time at boot (via netconsole) on my Pentium 4 box (Shuttle XPC FS51) on kernel 6.3-rc7:

[...]
BUG: unable to handle page fault for address: c370a778
#PF: supervisor read access in kernel mode
#PF: error_code(0x0000) - not-present page
*pde = 03d7b063 *pte = 0370a062 
Oops: 0000 [#1] SMP DEBUG_PAGEALLOC
CPU: 1 PID: 1 Comm: systemd Not tainted 6.3.0-rc7-P3 #1
Hardware name:  /FS51, BIOS 6.00 PG 12/02/2003
EIP: do_one_initcall+0x12/0x284
Code: 0a 00 64 ff 0d 24 3e 71 c3 e8 82 03 00 00 5d 31 c0 31 c9 31 d2 c3 90 90 55 89 e5 53 57 56 81 ec d4 02 00 00 89 85 20 fd ff ff <a1> 78 a7 70 c3 89 45 f0 64 8b 3d 24 3e 71 c3 8d 85 24 fd ff ff ba
EAX: f7c2d000 EBX: f7c2a320 ECX: 00000000 EDX: 00000000
ESI: f7c2a320 EDI: c1b55d88 EBP: c110fd98 ESP: c110fab8
DS: 007b ES: 007b FS: 00d8 GS: 0033 SS: 0068 EFLAGS: 00210286
CR0: 80050033 CR2: c370a778 CR3: 02091000 CR4: 000006d0
Call Trace:
 ? 0xf7c2d000
 ? check_bytes_and_report+0x2a/0xe8
 ? check_object+0x18f/0x2cc
 ? check_bytes_and_report+0x2a/0xe8
 ? check_object+0x18f/0x2cc
 ? check_object+0x1c2/0x2cc
 ? init_object+0x6c/0xb8
 ? lock_release+0x28/0x22c
 ? _raw_spin_unlock_irqrestore+0x27/0x5c
 ? idr_get_free+0x22d/0x244
 ? radix_tree_iter_tag_clear+0x18/0x28
 ? idr_alloc_u32+0x78/0x94
 ? lock_release+0x28/0x22c
 ? idr_alloc_cyclic+0x38/0x7c
 ? check_bytes_and_report+0x2a/0xe8
 ? check_object+0x18f/0x2cc
 ? check_object+0x1c2/0x2cc
 ? init_object+0x6c/0xb8
 ? lock_release+0x28/0x22c
 ? _raw_spin_unlock_irqrestore+0x27/0x5c
 ? trace_hardirqs_on+0x4b/0x88
 ? ___slab_alloc+0x89f/0x94c
 ? __kmem_cache_alloc_node+0x185/0x268
 ? __kmem_cache_free+0x25f/0x268
 ? do_init_module+0x1c/0x18c
 ? kmalloc_trace+0x20/0xa4
 ? kmalloc_trace+0x43/0xa4
 do_init_module+0x3e/0x18c
 load_module+0xe6e/0x1004
 ? kernel_read_file_from_fd+0x41/0x60
 __ia32_sys_finit_module+0x8a/0xa8
 __do_fast_syscall_32+0xae/0xd8
 ? vm_mmap_pgoff+0x92/0xe4
 ? ksys_mmap_pgoff+0x12e/0x170
 ? lockdep_sys_exit+0x20/0x84
 ? __do_fast_syscall_32+0xba/0xd8
 ? syscall_exit_to_user_mode+0x6b/0x160
 ? __do_fast_syscall_32+0xba/0xd8
 ? __do_fast_syscall_32+0xba/0xd8
 ? syscall_exit_to_user_mode+0x6b/0x160
 ? __do_fast_syscall_32+0xba/0xd8
 ? __do_fast_syscall_32+0xba/0xd8
 ? syscall_exit_to_user_mode+0x6b/0x160
 ? __do_fast_syscall_32+0xba/0xd8
 ? irqentry_exit+0x31/0x74
 ? irqentry_exit_to_user_mode+0x25/0x2c
 ? exc_page_fault+0x355/0x52c
 do_fast_syscall_32+0x29/0x5c
 do_SYSENTER_32+0x12/0x18
 entry_SYSENTER_32+0x98/0xf1
EIP: 0xb7ee5539
Code: 03 74 b4 01 10 07 03 74 b0 01 10 08 03 74 d8 01 00 00 00 00 00 00 00 00 00 00 00 00 00 00 00 00 00 51 52 55 89 e5 0f 34 cd 80 <5d> 5a 59 c3 90 90 90 90 0f 1f 00 58 b8 77 00 00 00 cd 80 90 0f 1f
EAX: ffffffda EBX: 00000003 ECX: b77feaf1 EDX: 00000000
ESI: b77ead00 EDI: b77f5128 EBP: 01c781e0 ESP: bf8e4d4c
DS: 007b ES: 007b FS: 0000 GS: 0033 SS: 007b EFLAGS: 00200296
Modules linked in: dmi_sysfs(+)
CR2: 00000000c370a778
---[ end trace 0000000000000000 ]---
EIP: do_one_initcall+0x12/0x284
Code: 0a 00 64 ff 0d 24 3e 71 c3 e8 82 03 00 00 5d 31 c0 31 c9 31 d2 c3 90 90 55 89 e5 53 57 56 81 ec d4 02 00 00 89 85 20 fd ff ff <a1> 78 a7 70 c3 89 45 f0 64 8b 3d 24 3e 71 c3 8d 85 24 fd ff ff ba
EAX: f7c2d000 EBX: f7c2a320 ECX: 00000000 EDX: 00000000
ESI: f7c2a320 EDI: c1b55d88 EBP: c110fd98 ESP: c110fab8
DS: 007b ES: 007b FS: 00d8 GS: 0033 SS: 0068 EFLAGS: 00210286
CR0: 80050033 CR2: c370a778 CR3: 02091000 CR4: 000006d0
note: systemd[1] exited with irqs disabled
Kernel panic - not syncing: Attempted to kill init! exitcode=0x00000009
Kernel Offset: disabled
Rebooting in 40 seconds..


Some data about the hardware:
 # inxi -bZ
System:
  Host: hakla04 Kernel: 6.2.11-gentoo-P3 arch: i686 bits: 32
    Console: pty pts/0 Distro: Gentoo Base System release 2.13
Machine:
  Type: Desktop Mobo: Shuttle model: FS51 serial: N/A BIOS: Phoenix
    v: 6.00 PG date: 12/02/2003
CPU:
  Info: single core Intel Pentium 4 [MT] speed (MHz): avg: 3063
Graphics:
  Device-1: AMD RV350 [Radeon 9550/9600/X1050 Series] driver: radeon
    v: kernel
  Display: x11 server: X.org v: 1.21.1.8 driver: X: loaded: radeon
    unloaded: fbdev,modesetting gpu: radeon
    resolution: <missing: xdpyinfo/xrandr>
  OpenGL: renderer: llvmpipe (LLVM 15.0.7 128 bits) v: 4.5 Mesa 23.0.2
Network:
  Device-1: Ralink RT2500 Wireless 802.11bg driver: rt2500pci
  Device-2: Realtek RTL-8100/8101L/8139 PCI Fast Ethernet Adapter
    driver: 8139too

 # cat /proc/cpuinfo 
processor	: 1
vendor_id	: GenuineIntel
cpu family	: 15
model		: 2
model name	: Intel(R) Pentium(R) 4 CPU 3.06GHz
stepping	: 7
microcode	: 0x33
cpu MHz		: 3062.581
cache size	: 512 KB
physical id	: 0
siblings	: 2
core id		: 0
cpu cores	: 1
apicid		: 1
initial apicid	: 1
fdiv_bug	: no
f00f_bug	: no
coma_bug	: no
fpu		: yes
fpu_exception	: yes
cpuid level	: 2
wp		: yes
flags		: fpu vme de pse tsc msr pae mce cx8 apic sep mtrr pge mca cmov pat pse36 clflush dts acpi mmx fxsr sse sse2 ss ht tm pbe pebs bts cpuid cid xtpr
bugs		: cpu_meltdown spectre_v1 spectre_v2 spec_store_bypass l1tf mds swapgs itlb_multihit mmio_unknown
bogomips	: 6127.24
clflush size	: 64
cache_alignment	: 128
address sizes	: 36 bits physical, 32 bits virtual
power management:

 # lspci 
00:00.0 Host bridge: Silicon Integrated Systems [SiS] 651 Host (rev 02)
00:01.0 PCI bridge: Silicon Integrated Systems [SiS] AGP Port (virtual PCI-to-PCI bridge)
00:02.0 ISA bridge: Silicon Integrated Systems [SiS] SiS962 [MuTIOL Media IO] LPC Controller (rev 14)
00:02.1 SMBus: Silicon Integrated Systems [SiS] SiS961/2/3 SMBus controller
00:02.5 IDE interface: Silicon Integrated Systems [SiS] 5513 IDE Controller
00:02.7 Multimedia audio controller: Silicon Integrated Systems [SiS] SiS7012 AC'97 Sound Controller (rev a0)
00:03.0 USB controller: Silicon Integrated Systems [SiS] USB 1.1 Controller (rev 0f)
00:03.1 USB controller: Silicon Integrated Systems [SiS] USB 1.1 Controller (rev 0f)
00:03.2 USB controller: Silicon Integrated Systems [SiS] USB 1.1 Controller (rev 0f)
00:03.3 USB controller: Silicon Integrated Systems [SiS] USB 2.0 Controller
00:0a.0 Network controller: Ralink corp. RT2500 Wireless 802.11bg (rev 01)
00:0f.0 Ethernet controller: Realtek Semiconductor Co., Ltd. RTL-8100/8101L/8139 PCI Fast Ethernet Adapter (rev 10)
00:10.0 FireWire (IEEE 1394): VIA Technologies, Inc. VT6306/7/8 [Fire II(M)] IEEE 1394 OHCI Controller (rev 46)
01:00.0 VGA compatible controller: Advanced Micro Devices, Inc. [AMD/ATI] RV350 [Radeon 9550/9600/X1050 Series]
01:00.1 Display controller: Advanced Micro Devices, Inc. [AMD/ATI] RV350 [Radeon 9550/9600/X1050 Series] (Secondary)


Earlier in dmesg output two "WARNING: inconsistent lock state" show up. Kernel .config and dmesg attached. I don't get this bug on qemu though, only on real hardware.

Regards,
Erhard

--MP_//WcVFtr5j0pMwAJ.drr42AI
Content-Type: text/plain
Content-Transfer-Encoding: 7bit
Content-Disposition: attachment; filename=dmesg_63-rc7_p3.txt

[    0.000000] Linux version 6.3.0-rc7-P3 (root@supah) (clang version 15.0.7, LLD 15.0.7) #1 SMP Tue Apr 18 11:43:29 -00 2023
[    0.000000] KERNEL supported cpus:
[    0.000000]   Intel GenuineIntel
[    0.000000] x86/fpu: x87 FPU will use FXSAVE
[    0.000000] signal: max sigframe size: 1440
[    0.000000] BIOS-provided physical RAM map:
[    0.000000] BIOS-e820: [mem 0x0000000000000000-0x000000000009ffff] usable
[    0.000000] BIOS-e820: [mem 0x00000000000f0000-0x00000000000fffff] reserved
[    0.000000] BIOS-e820: [mem 0x0000000000100000-0x000000007ffeffff] usable
[    0.000000] BIOS-e820: [mem 0x000000007fff0000-0x000000007fff2fff] ACPI NVS
[    0.000000] BIOS-e820: [mem 0x000000007fff3000-0x000000007fffffff] ACPI data
[    0.000000] BIOS-e820: [mem 0x00000000fec00000-0x00000000ffffffff] reserved
[    0.000000] Notice: NX (Execute Disable) protection missing in CPU!
[    0.000000] SMBIOS 2.2 present.
[    0.000000] DMI:  /FS51, BIOS 6.00 PG 12/02/2003
[    0.000000] tsc: Fast TSC calibration using PIT
[    0.000000] tsc: Detected 3062.647 MHz processor
[    0.000950] last_pfn = 0x7fff0 max_arch_pfn = 0x100000
[    0.000965] x86/PAT: Configuration [0-7]: WB  WC  UC- UC  WB  WC  UC- UC  
[    0.003333] found SMP MP-table at [mem 0x000f54c0-0x000f54cf]
[    0.003333] ACPI: Early table checksum verification disabled
[    0.003333] ACPI: RSDP 0x00000000000F6F80 000014 (v00 AWARD )
[    0.003333] ACPI: RSDT 0x000000007FFF3000 00002C (v01 AWARD  AWRDACPI 42302E31 AWRD 00000000)
[    0.003333] ACPI: FACP 0x000000007FFF3040 000074 (v01 AWARD  AWRDACPI 42302E31 AWRD 00000000)
[    0.003333] ACPI: DSDT 0x000000007FFF30C0 00364E (v01 AWARD  AWRDACPI 00001000 MSFT 0100000D)
[    0.003333] ACPI: FACS 0x000000007FFF0000 000040
[    0.003333] ACPI: APIC 0x000000007FFF6740 000068 (v01 AWARD  AWRDACPI 42302E31 AWRD 00000000)
[    0.003333] ACPI: Reserving FACP table memory at [mem 0x7fff3040-0x7fff30b3]
[    0.003333] ACPI: Reserving DSDT table memory at [mem 0x7fff30c0-0x7fff670d]
[    0.003333] ACPI: Reserving FACS table memory at [mem 0x7fff0000-0x7fff003f]
[    0.003333] ACPI: Reserving APIC table memory at [mem 0x7fff6740-0x7fff67a7]
[    0.003333] 1163MB HIGHMEM available.
[    0.003333] 883MB LOWMEM available.
[    0.003333]   mapped low ram: 0 - 373fe000
[    0.003333]   low ram: 0 - 373fe000
[    0.003333] Zone ranges:
[    0.003333]   DMA      [mem 0x0000000000001000-0x0000000000ffffff]
[    0.003333]   Normal   [mem 0x0000000001000000-0x00000000373fdfff]
[    0.003333]   HighMem  [mem 0x00000000373fe000-0x000000007ffeffff]
[    0.003333] Movable zone start for each node
[    0.003333] Early memory node ranges
[    0.003333]   node   0: [mem 0x0000000000001000-0x000000000009ffff]
[    0.003333]   node   0: [mem 0x0000000000100000-0x000000007ffeffff]
[    0.003333] Initmem setup node 0 [mem 0x0000000000001000-0x000000007ffeffff]
[    0.003333] On node 0, zone DMA: 1 pages in unavailable ranges
[    0.003333] On node 0, zone DMA: 96 pages in unavailable ranges
[    0.003333] Using APIC driver default
[    0.003333] ACPI: PM-Timer IO Port: 0x1008
[    0.003333] ACPI: LAPIC_NMI (acpi_id[0x00] high edge lint[0x1])
[    0.003333] ACPI: LAPIC_NMI (acpi_id[0x01] high edge lint[0x1])
[    0.003333] IOAPIC[0]: apic_id 2, version 20, address 0xfec00000, GSI 0-23
[    0.003333] ACPI: INT_SRC_OVR (bus 0 bus_irq 0 global_irq 2 dfl dfl)
[    0.003333] ACPI: INT_SRC_OVR (bus 0 bus_irq 9 global_irq 9 dfl dfl)
[    0.003333] ACPI: Using ACPI (MADT) for SMP configuration information
[    0.003333] smpboot: Allowing 2 CPUs, 0 hotplug CPUs
[    0.003333] [mem 0x80000000-0xfebfffff] available for PCI devices
[    0.003333] Booting paravirtualized kernel on bare hardware
[    0.003333] clocksource: refined-jiffies: mask: 0xffffffff max_cycles: 0xffffffff, max_idle_ns: 6370452778343963 ns
[    0.003333] setup_percpu: NR_CPUS:2 nr_cpumask_bits:2 nr_cpu_ids:2 nr_node_ids:1
[    0.003333] percpu: Embedded 33 pages/cpu s102420 r0 d32748 u135168
[    0.003333] Built 1 zonelists, mobility grouping on.  Total pages: 521965
[    0.003333] Kernel command line: BOOT_IMAGE=/boot/vmlinuz-6.3.0-rc7-P3 root=/dev/sda4 ro zswap.max_pool_percent=13 irqaffinity=0 slub_debug=FZP page_poison=1 netconsole=6666@192.168.178.10/eth0,6666@192.168.178.3/70:85:C2:30:EC:01
[    0.003333] Unknown kernel command line parameters "BOOT_IMAGE=/boot/vmlinuz-6.3.0-rc7-P3", will be passed to user space.
[    0.003333] Dentry cache hash table entries: 131072 (order: 7, 524288 bytes, linear)
[    0.003333] Inode-cache hash table entries: 65536 (order: 6, 262144 bytes, linear)
[    0.003333] mem auto-init: stack:all(pattern), heap alloc:off, heap free:off
[    0.003333] stackdepot: allocating hash table via alloc_large_system_hash
[    0.003333] stackdepot hash table entries: 65536 (order: 6, 262144 bytes, linear)
[    0.003333] Initializing HighMem for node 0 (000373fe:0007fff0)
[    0.003333] Initializing Movable for node 0 (00000000:00000000)
[    0.003333] Checking if this processor honours the WP bit even in supervisor mode...Ok.
[    0.003333] Memory: 2051440K/2096700K available (8296K kernel code, 963K rwdata, 3376K rodata, 628K init, 6464K bss, 45260K reserved, 0K cma-reserved, 1191880K highmem)
[    0.003333] **********************************************************
[    0.003333] **   NOTICE NOTICE NOTICE NOTICE NOTICE NOTICE NOTICE   **
[    0.003333] **                                                      **
[    0.003333] ** This system shows unhashed kernel memory addresses   **
[    0.003333] ** via the console, logs, and other interfaces. This    **
[    0.003333] ** might reduce the security of your system.            **
[    0.003333] **                                                      **
[    0.003333] ** If you see this message and you are not debugging    **
[    0.003333] ** the kernel, report this immediately to your system   **
[    0.003333] ** administrator!                                       **
[    0.003333] **                                                      **
[    0.003333] **   NOTICE NOTICE NOTICE NOTICE NOTICE NOTICE NOTICE   **
[    0.003333] **********************************************************
[    0.003333] SLUB: HWalign=128, Order=0-3, MinObjects=0, CPUs=2, Nodes=1
[    0.003333] trace event string verifier disabled
[    0.003333] Running RCU self tests
[    0.003333] Running RCU synchronous self tests
[    0.003333] rcu: Hierarchical RCU implementation.
[    0.003333] rcu: 	RCU lockdep checking is enabled.
[    0.003333] 	Tracing variant of Tasks RCU enabled.
[    0.003333] rcu: RCU calculated value of scheduler-enlistment delay is 30 jiffies.
[    0.003333] Running RCU synchronous self tests
[    0.003333] NR_IRQS: 2304, nr_irqs: 440, preallocated irqs: 16
[    0.003333] rcu: srcu_init: Setting srcu_struct sizes based on contention.
[    0.003333] kfence: initialized - using 2097152 bytes for 255 objects at 0xf70f8000-0xf72f8000
[    0.003333] Console: colour VGA+ 80x25
[    0.003333] printk: console [tty0] enabled
[    0.003333] Lock dependency validator: Copyright (c) 2006 Red Hat, Inc., Ingo Molnar
[    0.003333] ... MAX_LOCKDEP_SUBCLASSES:  8
[    0.003333] ... MAX_LOCK_DEPTH:          48
[    0.003333] ... MAX_LOCKDEP_KEYS:        8192
[    0.003333] ... CLASSHASH_SIZE:          4096
[    0.003333] ... MAX_LOCKDEP_ENTRIES:     32768
[    0.003333] ... MAX_LOCKDEP_CHAINS:      65536
[    0.003333] ... CHAINHASH_SIZE:          32768
[    0.003333]  memory used by lock dependency info: 3805 kB
[    0.003333]  memory used for stack traces: 2112 kB
[    0.003333]  per task-struct memory footprint: 1344 bytes
[    0.003333] ACPI: Core revision 20221020
[    0.003333] APIC: Switch to symmetric I/O mode setup
[    0.003333] Enabling APIC mode:  Flat.  Using 1 I/O APICs
[    0.003333] ..TIMER: vector=0x30 apic1=0 pin1=2 apic2=-1 pin2=-1
[    0.003333] clocksource: tsc-early: mask: 0xffffffffffffffff max_cycles: 0x2c2571790c9, max_idle_ns: 440795254255 ns
[    3.180645] Calibrating delay loop (skipped), value calculated using timer frequency.. 6127.51 BogoMIPS (lpj=10208823)
[    3.180741] pid_max: default: 32768 minimum: 301
[    3.181122] LSM: initializing lsm=capability,yama
[    3.181200] Yama: becoming mindful.
[    3.181621] Mount-cache hash table entries: 2048 (order: 1, 8192 bytes, linear)
[    3.181711] Mountpoint-cache hash table entries: 2048 (order: 1, 8192 bytes, linear)
[    3.184170] CPU0: Thermal monitoring enabled (TM1)
[    3.184328] Last level iTLB entries: 4KB 64, 2MB 64, 4MB 64
[    3.184395] Last level dTLB entries: 4KB 64, 2MB 0, 4MB 64, 1GB 0
[    3.184474] Spectre V1 : Mitigation: usercopy/swapgs barriers and __user pointer sanitization
[    3.184559] Spectre V2 : Mitigation: Retpolines
[    3.184618] Spectre V2 : Spectre v2 / SpectreRSB mitigation: Filling RSB on context switch
[    3.184697] Spectre V2 : Spectre v2 / SpectreRSB : Filling RSB on VMEXIT
[    3.184765] Speculative Store Bypass: Vulnerable
[    3.184825] L1TF: Kernel not compiled for PAE. No mitigation for L1TF
[    3.184898] MDS: Vulnerable: Clear CPU buffers attempted, no microcode
[    3.184966] MMIO Stale Data: Unknown: No mitigations
[    3.185636] debug: unmapping init [mem 0xcad16000-0xcad1dfff]
[    3.187081] Running RCU synchronous self tests
[    3.187144] Running RCU synchronous self tests
[    3.294541] smpboot: CPU0: Intel(R) Pentium(R) 4 CPU 3.06GHz (family: 0xf, model: 0x2, stepping: 0x7)
[    3.296099] cblist_init_generic: Setting adjustable number of callback queues.
[    3.296222] cblist_init_generic: Setting shift to 1 and lim to 1.
[    3.296424] Running RCU-tasks wait API self tests
[    3.296551] Performance Events: Netburst events, Netburst P4/Xeon PMU driver.
[    3.296654] ... version:                0
[    3.296714] ... bit width:              40
[    3.296774] ... generic registers:      18
[    3.296833] ... value mask:             000000ffffffffff
[    3.296897] ... max period:             0000007fffffffff
[    3.296960] ... fixed-purpose events:   0
[    3.297018] ... event mask:             000000000003ffff
[    3.297292] Callback from call_rcu_tasks_trace() invoked.
[    3.297292] rcu: Hierarchical SRCU implementation.
[    3.297292] rcu: 	Max phase no-delay instances is 1000.
[    3.298236] NMI watchdog: Enabled. Permanently consumes one hw-PMU counter.
[    3.298675] smp: Bringing up secondary CPUs ...
[    3.299904] x86: Booting SMP configuration:
[    3.300004] .... node  #0, CPUs:      #1
[    3.396111] MDS CPU bug present and SMT on, data leak possible. See https://www.kernel.org/doc/html/latest/admin-guide/hw-vuln/mds.html for more details.
[    3.396111] smp: Brought up 1 node, 2 CPUs
[    3.396111] smpboot: Max logical packages: 1
[    3.396111] smpboot: Total of 2 processors activated (12255.08 BogoMIPS)
[    3.398212] devtmpfs: initialized
[    3.401150] Running RCU synchronous self tests
[    3.401248] Running RCU synchronous self tests
[    3.401419] clocksource: jiffies: mask: 0xffffffff max_cycles: 0xffffffff, max_idle_ns: 6370867519511994 ns
[    3.401546] futex hash table entries: 512 (order: 3, 32768 bytes, linear)
[    3.403372] NET: Registered PF_NETLINK/PF_ROUTE protocol family
[    3.406298] thermal_sys: Registered thermal governor 'step_wise'
[    3.406311] thermal_sys: Registered thermal governor 'user_space'
[    3.406521] cpuidle: using governor menu
[    3.444631] PCI: PCI BIOS revision 2.10 entry at 0xfb7f0, last bus=1
[    3.444716] PCI: Using configuration type 1 for base access
[    3.445731] HugeTLB: registered 4.00 MiB page size, pre-allocated 0 pages
[    3.445731] HugeTLB: 0 KiB vmemmap can be freed for a 4.00 MiB page
[    3.505261] raid6: sse2x2   gen()  3008 MB/s
[    3.561934] raid6: sse2x1   gen()  2898 MB/s
[    3.618598] raid6: sse1x2   gen()  2013 MB/s
[    3.675274] raid6: sse1x1   gen()  1606 MB/s
[    3.675340] raid6: using algorithm sse2x2 gen() 3008 MB/s
[    3.731925] raid6: .... xor() 2171 MB/s, rmw enabled
[    3.731996] raid6: using intx1 recovery algorithm
[    3.732945] ACPI: Added _OSI(Module Device)
[    3.733015] ACPI: Added _OSI(Processor Device)
[    3.733078] ACPI: Added _OSI(3.0 _SCP Extensions)
[    3.733142] ACPI: Added _OSI(Processor Aggregator Device)
[    3.772477] ACPI: 1 ACPI AML tables successfully acquired and loaded
[    3.787251] ACPI: Interpreter enabled
[    3.787407] ACPI: PM: (supports S0 S5)
[    3.787480] ACPI: Using IOAPIC for interrupt routing
[    3.787780] PCI: Ignoring host bridge windows from ACPI; if necessary, use "pci=use_crs" and report a bug
[    3.787870] PCI: Using E820 reservations for host bridge windows
[    3.789850] ACPI: Enabled 9 GPEs in block 00 to 0F
[    3.789954] ACPI: Enabled 1 GPEs in block 10 to 1F
[    3.840244] ACPI: PCI Root Bridge [PCI0] (domain 0000 [bus 00-ff])
[    3.840377] acpi PNP0A03:00: _OSC: OS supports [Segments MSI HPX-Type3]
[    3.840450] acpi PNP0A03:00: PCIe port services disabled; not requesting _OSC control
[    3.840664] acpi PNP0A03:00: fail to add MMCONFIG information, can't access extended configuration space under this bridge
[    3.842610] PCI host bridge to bus 0000:00
[    3.842684] pci_bus 0000:00: root bus resource [io  0x0000-0xffff]
[    3.842759] pci_bus 0000:00: root bus resource [mem 0x00000000-0xffffffff]
[    3.842842] pci_bus 0000:00: root bus resource [bus 00-ff]
[    3.843088] pci 0000:00:00.0: [1039:0651] type 00 class 0x060000
[    3.843178] pci 0000:00:00.0: reg 0x10: [mem 0xe0000000-0xe3ffffff]
[    3.843758] pci 0000:00:01.0: [1039:0001] type 01 class 0x060400
[    3.844312] pci 0000:00:02.0: [1039:0008] type 00 class 0x060100
[    3.844520] pci 0000:00:02.0: Enabling SiS 96x SMBus
[    3.845229] pci 0000:00:02.1: [1039:0016] type 00 class 0x0c0500
[    3.845393] pci 0000:00:02.1: reg 0x20: [io  0x10c0-0x10df]
[    3.845858] pci 0000:00:02.5: [1039:5513] type 00 class 0x01018a
[    3.845954] pci 0000:00:02.5: reg 0x10: [io  0x01f0-0x01f7]
[    3.846035] pci 0000:00:02.5: reg 0x14: [io  0x03f4-0x03f7]
[    3.846115] pci 0000:00:02.5: reg 0x18: [io  0x0170-0x0177]
[    3.846197] pci 0000:00:02.5: reg 0x1c: [io  0x0374-0x0377]
[    3.846277] pci 0000:00:02.5: reg 0x20: [io  0x4000-0x400f]
[    3.846374] pci 0000:00:02.5: legacy IDE quirk: reg 0x10: [io  0x01f0-0x01f7]
[    3.846449] pci 0000:00:02.5: legacy IDE quirk: reg 0x14: [io  0x03f6]
[    3.846521] pci 0000:00:02.5: legacy IDE quirk: reg 0x18: [io  0x0170-0x0177]
[    3.846594] pci 0000:00:02.5: legacy IDE quirk: reg 0x1c: [io  0x0376]
[    3.846729] pci 0000:00:02.5: supports D1
[    3.846791] pci 0000:00:02.5: PME# supported from D3cold
[    3.847550] pci 0000:00:02.7: [1039:7012] type 00 class 0x040100
[    3.847651] pci 0000:00:02.7: reg 0x10: [io  0xe000-0xe0ff]
[    3.847733] pci 0000:00:02.7: reg 0x14: [io  0xe400-0xe47f]
[    3.847936] pci 0000:00:02.7: supports D1 D2
[    3.847999] pci 0000:00:02.7: PME# supported from D3hot D3cold
[    3.848641] pci 0000:00:03.0: [1039:7001] type 00 class 0x0c0310
[    3.848738] pci 0000:00:03.0: reg 0x10: [mem 0xe6005000-0xe6005fff]
[    3.849567] pci 0000:00:03.1: [1039:7001] type 00 class 0x0c0310
[    3.849666] pci 0000:00:03.1: reg 0x10: [mem 0xe6002000-0xe6002fff]
[    3.850412] pci 0000:00:03.2: [1039:7001] type 00 class 0x0c0310
[    3.850507] pci 0000:00:03.2: reg 0x10: [mem 0xe6003000-0xe6003fff]
[    3.851278] pci 0000:00:03.3: [1039:7002] type 00 class 0x0c0320
[    3.851375] pci 0000:00:03.3: reg 0x10: [mem 0xe6004000-0xe6004fff]
[    3.851586] pci 0000:00:03.3: PME# supported from D0 D3hot D3cold
[    3.852238] pci 0000:00:0a.0: [1814:0201] type 00 class 0x028000
[    3.852337] pci 0000:00:0a.0: reg 0x10: [mem 0xe6000000-0xe6001fff]
[    3.852880] pci 0000:00:0f.0: [10ec:8139] type 00 class 0x020000
[    3.852977] pci 0000:00:0f.0: reg 0x10: [io  0xe800-0xe8ff]
[    3.853058] pci 0000:00:0f.0: reg 0x14: [mem 0xe6006000-0xe60060ff]
[    3.853259] pci 0000:00:0f.0: supports D1 D2
[    3.853322] pci 0000:00:0f.0: PME# supported from D1 D2 D3hot D3cold
[    3.853740] pci 0000:00:10.0: [1106:3044] type 00 class 0x0c0010
[    3.853836] pci 0000:00:10.0: reg 0x10: [mem 0xe6007000-0xe60077ff]
[    3.853921] pci 0000:00:10.0: reg 0x14: [io  0xec00-0xec7f]
[    3.854109] pci 0000:00:10.0: supports D2
[    3.854171] pci 0000:00:10.0: PME# supported from D2 D3hot D3cold
[    3.854601] pci_bus 0000:01: extended config space not accessible
[    3.854811] pci 0000:01:00.0: [1002:4150] type 00 class 0x030000
[    3.854902] pci 0000:01:00.0: reg 0x10: [mem 0xc0000000-0xcfffffff pref]
[    3.854987] pci 0000:01:00.0: reg 0x14: [io  0xd000-0xd0ff]
[    3.855066] pci 0000:01:00.0: reg 0x18: [mem 0xe5000000-0xe500ffff]
[    3.855178] pci 0000:01:00.0: reg 0x30: [mem 0x00000000-0x0001ffff pref]
[    3.855311] pci 0000:01:00.0: Video device with shadowed ROM at [mem 0x000c0000-0x000dffff]
[    3.855441] pci 0000:01:00.0: supports D1 D2
[    3.855790] pci 0000:01:00.1: [1002:4170] type 00 class 0x038000
[    3.855877] pci 0000:01:00.1: reg 0x10: [mem 0xd0000000-0xdfffffff pref]
[    3.855958] pci 0000:01:00.1: reg 0x14: [mem 0xe5010000-0xe501ffff]
[    3.856125] pci 0000:01:00.1: supports D1 D2
[    3.856496] pci 0000:00:01.0: PCI bridge to [bus 01]
[    3.856568] pci 0000:00:01.0:   bridge window [io  0xd000-0xdfff]
[    3.856641] pci 0000:00:01.0:   bridge window [mem 0xe4000000-0xe5ffffff]
[    3.856718] pci 0000:00:01.0:   bridge window [mem 0xc0000000-0xdfffffff pref]
[    3.858046] ACPI: PCI: Interrupt link LNKA configured for IRQ 12
[    3.858855] ACPI: PCI: Interrupt link LNKB configured for IRQ 10
[    3.859612] ACPI: PCI: Interrupt link LNKC configured for IRQ 11
[    3.860368] ACPI: PCI: Interrupt link LNKD configured for IRQ 5
[    3.861147] ACPI: PCI: Interrupt link LNKE configured for IRQ 10
[    3.861902] ACPI: PCI: Interrupt link LNKF configured for IRQ 11
[    3.862676] ACPI: PCI: Interrupt link LNKG configured for IRQ 9
[    3.863433] ACPI: PCI: Interrupt link LNKH configured for IRQ 7
[    3.869164] iommu: Default domain type: Translated 
[    3.869243] iommu: DMA domain TLB invalidation policy: lazy mode 
[    3.870468] SCSI subsystem initialized
[    3.871042] pps_core: LinuxPPS API ver. 1 registered
[    3.871111] pps_core: Software ver. 5.3.6 - Copyright 2005-2007 Rodolfo Giometti <giometti@linux.it>
[    3.871234] PTP clock support registered
[    3.875253] PCI: Using ACPI for IRQ routing
[    3.875728] pci 0000:01:00.0: vgaarb: setting as boot VGA device
[    3.875728] pci 0000:01:00.0: vgaarb: bridge control possible
[    3.875728] pci 0000:01:00.0: vgaarb: VGA device added: decodes=io+mem,owns=io+mem,locks=none
[    3.875728] vgaarb: loaded
[    3.875728] clocksource: Switched to clocksource tsc-early
[    3.877320] pnp: PnP ACPI init
[    3.887023] system 00:01: [io  0x04d0-0x04d1] has been reserved
[    3.887178] system 00:01: [io  0x0800-0x0805] has been reserved
[    3.887286] system 00:01: [io  0x0290-0x0297] has been reserved
[    3.904262] pnp: PnP ACPI: found 7 devices
[    3.967706] clocksource: acpi_pm: mask: 0xffffff max_cycles: 0xffffff, max_idle_ns: 2085701024 ns
[    3.968423] NET: Registered PF_INET protocol family
[    3.969138] IP idents hash table entries: 16384 (order: 5, 131072 bytes, linear)
[    3.972070] tcp_listen_portaddr_hash hash table entries: 512 (order: 2, 20480 bytes, linear)
[    3.972513] Table-perturb hash table entries: 65536 (order: 6, 262144 bytes, linear)
[    3.972782] TCP established hash table entries: 8192 (order: 3, 32768 bytes, linear)
[    3.974270] TCP bind hash table entries: 8192 (order: 7, 655360 bytes, linear)
[    3.976299] TCP: Hash tables configured (established 8192 bind 8192)
[    3.977320] UDP hash table entries: 512 (order: 3, 49152 bytes, linear)
[    3.977719] UDP-Lite hash table entries: 512 (order: 3, 49152 bytes, linear)
[    3.978468] NET: Registered PF_UNIX/PF_LOCAL protocol family
[    3.978770] pci 0000:00:01.0: PCI bridge to [bus 01]
[    3.978874] pci 0000:00:01.0:   bridge window [io  0xd000-0xdfff]
[    3.978982] pci 0000:00:01.0:   bridge window [mem 0xe4000000-0xe5ffffff]
[    3.979093] pci 0000:00:01.0:   bridge window [mem 0xc0000000-0xdfffffff pref]
[    3.979219] pci_bus 0000:00: resource 4 [io  0x0000-0xffff]
[    3.979316] pci_bus 0000:00: resource 5 [mem 0x00000000-0xffffffff]
[    3.979416] pci_bus 0000:01: resource 0 [io  0xd000-0xdfff]
[    3.979517] pci_bus 0000:01: resource 1 [mem 0xe4000000-0xe5ffffff]
[    3.979616] pci_bus 0000:01: resource 2 [mem 0xc0000000-0xdfffffff pref]
[    4.012496] pci 0000:00:03.0: quirk_usb_early_handoff+0x0/0x5f4 took 31286 usecs
[    4.041738] pci 0000:00:03.1: quirk_usb_early_handoff+0x0/0x5f4 took 28368 usecs
[    4.073591] pci 0000:00:03.2: quirk_usb_early_handoff+0x0/0x5f4 took 30972 usecs
[    4.075327] PCI: CLS 32 bytes, default 64
[    4.078726] Initialise system trusted keyrings
[    4.079318] workingset: timestamp_bits=14 max_order=19 bucket_order=5
[    4.081566] fuse: init (API version 7.38)
[    4.082599] NET: Registered PF_ALG protocol family
[    4.082740] xor: measuring software checksum speed
[    4.085026]    pIII_sse        :  4587 MB/sec
[    4.086751]    prefetch64-sse  :  6013 MB/sec
[    4.086813] xor: using function: prefetch64-sse (6013 MB/sec)
[    4.086914] Key type asymmetric registered
[    4.087013] Asymmetric key parser 'x509' registered
[    4.094484] bounce: pool size: 64 pages
[    4.094776] Block layer SCSI generic (bsg) driver version 0.4 loaded (major 250)
[    4.095039] io scheduler bfq registered
[    4.101855] Serial: 8250/16550 driver, 4 ports, IRQ sharing disabled
[    4.102323] 00:04: ttyS0 at I/O 0x3f8 (irq = 4, base_baud = 115200) is a 16550A
[    4.103230] 00:05: ttyS1 at I/O 0x2f8 (irq = 3, base_baud = 115200) is a 16550A
[    4.105764] ACPI: bus type drm_connector registered
[    4.109406] pata_sis 0000:00:02.5: SiS 962/963 MuTIOL IDE UDMA133 controller
[    4.118650] scsi host0: pata_sis
[    4.120213] scsi host1: pata_sis
[    4.120656] ata1: PATA max UDMA/133 cmd 0x1f0 ctl 0x3f6 bmdma 0x4000 irq 14
[    4.120786] ata2: PATA max UDMA/133 cmd 0x170 ctl 0x376 bmdma 0x4008 irq 15
[    4.121434] e1000: Intel(R) PRO/1000 Network Driver
[    4.121509] e1000: Copyright (c) 1999-2006 Intel Corporation.
[    4.121754] 8139too: 8139too Fast Ethernet driver 0.9.28
[    4.124351] 8139too 0000:00:0f.0 eth0: RealTek RTL8139 at 0xf7c26000, 00:30:1b:2f:2c:58, IRQ 18
[    4.124915] i8042: PNP: No PS/2 controller found.
[    4.124983] i8042: Probing ports directly.
[    4.125757] serio: i8042 KBD port at 0x60,0x64 irq 1
[    4.125909] serio: i8042 AUX port at 0x60,0x64 irq 12
[    4.126773] rtc_cmos 00:02: RTC can wake from S4
[    4.128024] rtc_cmos 00:02: registered as rtc0
[    4.128146] rtc_cmos 00:02: setting system clock to 2023-04-18T09:46:40 UTC (1681811200)
[    4.128484] rtc_cmos 00:02: alarms up to one year, 242 bytes nvram
[    4.128657] fail to initialize ptp_kvm
[    4.128829] intel_pstate: CPU model not supported
[    4.129885] NET: Registered PF_INET6 protocol family
[    4.132423] Segment Routing with IPv6
[    4.132556] In-situ OAM (IOAM) with IPv6
[    4.132734] NET: Registered PF_PACKET protocol family
[    4.134623] microcode: Microcode Update Driver: v2.2.
[    4.134651] IPI shorthand broadcast: enabled
[    4.150499] sched_clock: Marking stable (990108101, 3157292016)->(4151082980, -3682863)
[    4.152260] registered taskstats version 1
[    4.153320] Loading compiled-in X.509 certificates
[    4.180086] zswap: loaded using pool zstd/z3fold
[    4.250547] Btrfs loaded, crc32c=crc32c-generic, zoned=no, fsverity=no
[    4.283357] ata1.00: ATA-7: ExcelStor Technology J8080, P21OA60A, max UDMA/133
[    4.283526] ata1.00: 160836480 sectors, multi 16: LBA48 
[    4.283634] ata1.01: ATAPI: LITE-ON CD-ROM LTN-529S, 7S06, max UDMA/33
[    4.295246] scsi 0:0:0:0: Direct-Access     ATA      ExcelStor Techno A60A PQ: 0 ANSI: 5
[    4.299569] sd 0:0:0:0: [sda] 160836480 512-byte logical blocks: (82.3 GB/76.7 GiB)
[    4.299855] sd 0:0:0:0: [sda] Write Protect is off
[    4.300140] sd 0:0:0:0: [sda] Write cache: enabled, read cache: enabled, doesn't support DPO or FUA
[    4.300515] sd 0:0:0:0: [sda] Preferred minimum I/O size 512 bytes
[    4.366989] scsi 0:0:1:0: CD-ROM            LITE-ON  CD-ROM LTN-529S  7S06 PQ: 0 ANSI: 5
[    4.469384] sr 0:0:1:0: [sr0] scsi3-mmc drive: 52x/52x cd/rw xa/form2 cdda tray
[    4.469586] cdrom: Uniform CD-ROM driver Revision: 3.20
[    4.526750]  sda: sda1 sda2 sda3 sda4 sda5
[    4.529973] sd 0:0:0:0: [sda] Attached SCSI disk
[    5.054222] tsc: Refined TSC clocksource calibration: 3062.658 MHz
[    5.054388] clocksource: tsc: mask: 0xffffffffffffffff max_cycles: 0x2c257bf0c93, max_idle_ns: 440795221674 ns
[    5.054657] clocksource: Switched to clocksource tsc
[    6.979006] netpoll: netconsole: local port 6666
[    6.979110] netpoll: netconsole: local IPv4 address 192.168.178.10
[    6.979207] netpoll: netconsole: interface 'eth0'
[    6.979290] netpoll: netconsole: remote port 6666
[    6.979374] netpoll: netconsole: remote IPv4 address 192.168.178.3
[    6.979468] netpoll: netconsole: remote ethernet address 70:85:c2:30:ec:01
[    6.979572] netpoll: netconsole: device eth0 not up yet, forcing it
[    6.980170] 8139too 0000:00:0f.0 eth0: link up, 100Mbps, full-duplex, lpa 0xC5E1
[    6.982752] printk: console [netcon0] enabled
[    6.992401] netconsole: network logging started
[    7.029406] BTRFS: device label bisect_p4 devid 1 transid 8319 /dev/root scanned by swapper/0 (1)
[    7.032733] BTRFS info (device sda4): using xxhash64 (xxhash64-generic) checksum algorithm
[    7.033095] BTRFS info (device sda4): disk space caching is enabled
[    7.139885] 
[    7.139971] ================================
[    7.140023] WARNING: inconsistent lock state
[    7.140073] 6.3.0-rc7-P3 #1 Not tainted
[    7.140125] --------------------------------
[    7.140176] inconsistent {IN-HARDIRQ-W} -> {HARDIRQ-ON-W} usage.
[    7.140230] kallsyms_test/54 [HC0[0]:SC1[1]:HE1:SE0] takes:
[    7.140286] c1b14784 (&syncp->seq#2){?.-.}-{0:0}, at: __napi_poll+0x26/0x1a4
[    7.140366] {IN-HARDIRQ-W} state was registered at:
[    7.140418]   lock_acquire+0xb5/0x1cc
[    7.140475]   rtl8139_interrupt+0x24a/0x3cc
[    7.140531]   __handle_irq_event_percpu+0x6e/0x1e4
[    7.140587]   handle_irq_event_percpu+0xc/0x30
[    7.140641]   handle_irq_event+0x26/0x40
[    7.140694]   handle_fasteoi_irq+0xa1/0x154
[    7.140749]   __handle_irq+0x85/0xe0
[    7.140836]   __common_interrupt+0x77/0xe8
[    7.140891]   common_interrupt+0x24/0x44
[    7.140946]   asm_common_interrupt+0x102/0x120
[    7.141004]   __schedule+0x782/0x9b8
[    7.141058]   schedule+0x5b/0xa8
[    7.141110]   schedule_timeout+0x6f/0xb4
[    7.141190]   test_entry+0x1f/0x600
[    7.141244]   kthread+0xbc/0xc8
[    7.141298]   ret_from_fork+0x1c/0x28
[    7.141351] irq event stamp: 5337456
[    7.141416] hardirqs last  enabled at (5337456): [<ca69ea57>] net_rx_action+0x7b/0x23c
[    7.141497] hardirqs last disabled at (5337455): [<ca69ea36>] net_rx_action+0x5a/0x23c
[    7.141570] softirqs last  enabled at (5333562): [<ca81752a>] __do_softirq+0x272/0x2a7
[    7.141637] softirqs last disabled at (5337453): [<ca01e4e8>] do_softirq_own_stack+0x50/0x58
[    7.141704] 
[    7.141704] other info that might help us debug this:
[    7.141763]  Possible unsafe locking scenario:
[    7.141763] 
[    7.141821]        CPU0
[    7.141867]        ----
[    7.141913]   lock(&syncp->seq#2);
[    7.141968]   <Interrupt>
[    7.142015]     lock(&syncp->seq#2);
[    7.142089] 
[    7.142089]  *** DEADLOCK ***
[    7.142089] 
[    7.142152] 1 lock held by kallsyms_test/54:
[    7.142204]  #0: c1b14824 (&tp->rx_lock){+.-.}-{2:2}, at: rtl8139_poll+0x27/0x430
[    7.142280] 
[    7.142280] stack backtrace:
[    7.142337] CPU: 0 PID: 54 Comm: kallsyms_test Not tainted 6.3.0-rc7-P3 #1
[    7.142395] Hardware name:  /FS51, BIOS 6.00 PG 12/02/2003
[    7.142475] Call Trace:
[    7.142524]  <SOFTIRQ>
[    7.142574]  dump_stack_lvl+0x77/0xb4
[    7.142629]  dump_stack+0xd/0x14
[    7.142682]  print_usage_bug+0x255/0x25c
[    7.142738]  mark_lock_irq+0x3a9/0x3b0
[    7.142793]  ? save_trace+0x33/0x298
[    7.142847]  mark_lock+0xee/0x154
[    7.142901]  __lock_acquire+0x4bb/0x22f4
[    7.142956]  ? __lock_acquire+0x4f0/0x22f4
[    7.143014]  lock_acquire+0xb5/0x1cc
[    7.143068]  ? __napi_poll+0x26/0x1a4
[    7.143123]  ? __napi_build_skb+0x2d/0x3c
[    7.143179]  rtl8139_poll+0x1f3/0x430
[    7.143233]  ? __napi_poll+0x26/0x1a4
[    7.143308]  ? __napi_poll+0x26/0x1a4
[    7.143365]  __napi_poll+0x26/0x1a4
[    7.143419]  net_rx_action+0x140/0x23c
[    7.143475]  __do_softirq+0xe6/0x2a7
[    7.143529]  ? __lock_text_end+0x3/0x3
[    7.143583]  do_softirq_own_stack+0x50/0x58
[    7.143665]  </SOFTIRQ>
[    7.143714]  __irq_exit_rcu+0x93/0xa8
[    7.143769]  irq_exit_rcu+0x8/0x14
[    7.143822]  common_interrupt+0x29/0x44
[    7.143876]  asm_common_interrupt+0x102/0x120
[    7.143932] EIP: __schedule+0x782/0x9b8
[    7.143987] Code: 00 00 00 80 a3 a0 05 00 00 fc 8d 45 d8 89 d9 89 fa 50 e8 c9 da 86 ff 83 c4 04 89 f0 89 fa e8 51 11 7f ff 89 c1 e8 02 8b 86 ff <83> c4 30 5e 5f 5b 5d 31 c0 31 c9 31 d2 c3 89 c7 8b 75 f0 e9 ce fb
[    7.144074] EAX: 00000000 EBX: f73d13c0 ECX: 00000000 EDX: 00000000
[    7.144129] ESI: c18e4640 EDI: c18e4640 EBP: c1255d0c ESP: c1255cd0
[    7.144183] DS: 007b ES: 007b FS: 00d8 GS: 0000 SS: 0068 EFLAGS: 00000246
[    7.144241]  ? __ww_mutex_die+0x3/0x48
[    7.144297]  ? __schedule+0x782/0x9b8
[    7.144353]  schedule+0x5b/0xa8
[    7.144406]  schedule_timeout+0x6f/0xb4
[    7.144460]  ? update_process_times+0x70/0x70
[    7.144540]  test_entry+0x1f/0x600
[    7.144595]  ? __lock_acquire+0x4f0/0x22f4
[    7.144651]  ? __lock_acquire+0x4f0/0x22f4
[    7.144706]  ? __lock_acquire+0x4f0/0x22f4
[    7.144761]  ? lock_acquire+0xb5/0x1cc
[    7.144817]  ? __lock_acquire+0x4f0/0x22f4
[    7.144901]  ? lock_acquire+0xb5/0x1cc
[    7.144956]  ? count_matching_names+0x10/0x68
[    7.145013]  ? lock_acquire+0xb5/0x1cc
[    7.145067]  ? find_held_lock+0x30/0x98
[    7.145123]  ? trace_hardirqs_on+0x4b/0x88
[    7.145179]  ? __kthread_parkme+0x36/0x74
[    7.145235]  kthread+0xbc/0xc8
[    7.145289]  ? kallsyms_test_func_weak+0x14/0x14
[    7.145344]  ? kthread_blkcg+0x24/0x24
[    7.145399]  ret_from_fork+0x1c/0x28
[    7.198184] VFS: Mounted root (btrfs filesystem) readonly on device 0:16.
[    7.198353] debug: unmapping init [mem 0xcac79000-0xcad15fff]
[    7.198696] Write protecting kernel text and read-only data: 11676k
[    7.198772] rodata_test: all tests were successful
[    7.198837] kallsyms_selftest: start
[    0.000000] Linux version 6.3.0-rc7-P3 (root@supah) (clang version 15.0.7, LLD 15.0.7) #1 SMP Tue Apr 18 11:43:29 -00 2023
[    0.000000] KERNEL supported cpus:
[    0.000000]   Intel GenuineIntel
[    0.000000] x86/fpu: x87 FPU will use FXSAVE
[    0.000000] signal: max sigframe size: 1440
[    0.000000] BIOS-provided physical RAM map:
[    0.000000] BIOS-e820: [mem 0x0000000000000000-0x000000000009ffff] usable
[    0.000000] BIOS-e820: [mem 0x00000000000f0000-0x00000000000fffff] reserved
[    0.000000] BIOS-e820: [mem 0x0000000000100000-0x000000007ffeffff] usable
[    0.000000] BIOS-e820: [mem 0x000000007fff0000-0x000000007fff2fff] ACPI NVS
[    0.000000] BIOS-e820: [mem 0x000000007fff3000-0x000000007fffffff] ACPI data
[    0.000000] BIOS-e820: [mem 0x00000000fec00000-0x00000000ffffffff] reserved
[    0.000000] Notice: NX (Execute Disable) protection missing in CPU!
[    0.000000] SMBIOS 2.2 present.
[    0.000000] DMI:  /FS51, BIOS 6.00 PG 12/02/2003
[    0.000000] tsc: Fast TSC calibration using PIT
[    0.000000] tsc: Detected 3062.363 MHz processor
[    0.000950] last_pfn = 0x7fff0 max_arch_pfn = 0x100000
[    0.000966] x86/PAT: Configuration [0-7]: WB  WC  UC- UC  WB  WC  UC- UC  
[    0.003333] found SMP MP-table at [mem 0x000f54c0-0x000f54cf]
[    0.003333] ACPI: Early table checksum verification disabled
[    0.003333] ACPI: RSDP 0x00000000000F6F80 000014 (v00 AWARD )
[    0.003333] ACPI: RSDT 0x000000007FFF3000 00002C (v01 AWARD  AWRDACPI 42302E31 AWRD 00000000)
[    0.003333] ACPI: FACP 0x000000007FFF3040 000074 (v01 AWARD  AWRDACPI 42302E31 AWRD 00000000)
[    0.003333] ACPI: DSDT 0x000000007FFF30C0 00364E (v01 AWARD  AWRDACPI 00001000 MSFT 0100000D)
[    0.003333] ACPI: FACS 0x000000007FFF0000 000040
[    0.003333] ACPI: APIC 0x000000007FFF6740 000068 (v01 AWARD  AWRDACPI 42302E31 AWRD 00000000)
[    0.003333] ACPI: Reserving FACP table memory at [mem 0x7fff3040-0x7fff30b3]
[    0.003333] ACPI: Reserving DSDT table memory at [mem 0x7fff30c0-0x7fff670d]
[    0.003333] ACPI: Reserving FACS table memory at [mem 0x7fff0000-0x7fff003f]
[    0.003333] ACPI: Reserving APIC table memory at [mem 0x7fff6740-0x7fff67a7]
[    0.003333] 1163MB HIGHMEM available.
[    0.003333] 883MB LOWMEM available.
[    0.003333]   mapped low ram: 0 - 373fe000
[    0.003333]   low ram: 0 - 373fe000
[    0.003333] Zone ranges:
[    0.003333]   DMA      [mem 0x0000000000001000-0x0000000000ffffff]
[    0.003333]   Normal   [mem 0x0000000001000000-0x00000000373fdfff]
[    0.003333]   HighMem  [mem 0x00000000373fe000-0x000000007ffeffff]
[    0.003333] Movable zone start for each node
[    0.003333] Early memory node ranges
[    0.003333]   node   0: [mem 0x0000000000001000-0x000000000009ffff]
[    0.003333]   node   0: [mem 0x0000000000100000-0x000000007ffeffff]
[    0.003333] Initmem setup node 0 [mem 0x0000000000001000-0x000000007ffeffff]
[    0.003333] On node 0, zone DMA: 1 pages in unavailable ranges
[    0.003333] On node 0, zone DMA: 96 pages in unavailable ranges
[    0.003333] Using APIC driver default
[    0.003333] ACPI: PM-Timer IO Port: 0x1008
[    0.003333] ACPI: LAPIC_NMI (acpi_id[0x00] high edge lint[0x1])
[    0.003333] ACPI: LAPIC_NMI (acpi_id[0x01] high edge lint[0x1])
[    0.003333] IOAPIC[0]: apic_id 2, version 20, address 0xfec00000, GSI 0-23
[    0.003333] ACPI: INT_SRC_OVR (bus 0 bus_irq 0 global_irq 2 dfl dfl)
[    0.003333] ACPI: INT_SRC_OVR (bus 0 bus_irq 9 global_irq 9 dfl dfl)
[    0.003333] ACPI: Using ACPI (MADT) for SMP configuration information
[    0.003333] smpboot: Allowing 2 CPUs, 0 hotplug CPUs
[    0.003333] [mem 0x80000000-0xfebfffff] available for PCI devices
[    0.003333] Booting paravirtualized kernel on bare hardware
[    0.003333] clocksource: refined-jiffies: mask: 0xffffffff max_cycles: 0xffffffff, max_idle_ns: 6370452778343963 ns
[    0.003333] setup_percpu: NR_CPUS:2 nr_cpumask_bits:2 nr_cpu_ids:2 nr_node_ids:1
[    0.003333] percpu: Embedded 33 pages/cpu s102420 r0 d32748 u135168
[    0.003333] Built 1 zonelists, mobility grouping on.  Total pages: 521965
[    0.003333] Kernel command line: BOOT_IMAGE=/boot/vmlinuz-6.3.0-rc7-P3 root=/dev/sda4 ro zswap.max_pool_percent=13 irqaffinity=0 slub_debug=FZP page_poison=1 netconsole=6666@192.168.178.10/eth0,6666@192.168.178.3/70:85:C2:30:EC:01
[    0.003333] Unknown kernel command line parameters "BOOT_IMAGE=/boot/vmlinuz-6.3.0-rc7-P3", will be passed to user space.
[    0.003333] Dentry cache hash table entries: 131072 (order: 7, 524288 bytes, linear)
[    0.003333] Inode-cache hash table entries: 65536 (order: 6, 262144 bytes, linear)
[    0.003333] mem auto-init: stack:all(pattern), heap alloc:off, heap free:off
[    0.003333] stackdepot: allocating hash table via alloc_large_system_hash
[    0.003333] stackdepot hash table entries: 65536 (order: 6, 262144 bytes, linear)
[    0.003333] Initializing HighMem for node 0 (000373fe:0007fff0)
[    0.003333] Initializing Movable for node 0 (00000000:00000000)
[    0.003333] Checking if this processor honours the WP bit even in supervisor mode...Ok.
[    0.003333] Memory: 2051440K/2096700K available (8296K kernel code, 963K rwdata, 3376K rodata, 628K init, 6464K bss, 45260K reserved, 0K cma-reserved, 1191880K highmem)
[    0.003333] **********************************************************
[    0.003333] **   NOTICE NOTICE NOTICE NOTICE NOTICE NOTICE NOTICE   **
[    0.003333] **                                                      **
[    0.003333] ** This system shows unhashed kernel memory addresses   **
[    0.003333] ** via the console, logs, and other interfaces. This    **
[    0.003333] ** might reduce the security of your system.            **
[    0.003333] **                                                      **
[    0.003333] ** If you see this message and you are not debugging    **
[    0.003333] ** the kernel, report this immediately to your system   **
[    0.003333] ** administrator!                                       **
[    0.003333] **                                                      **
[    0.003333] **   NOTICE NOTICE NOTICE NOTICE NOTICE NOTICE NOTICE   **
[    0.003333] **********************************************************
[    0.003333] SLUB: HWalign=128, Order=0-3, MinObjects=0, CPUs=2, Nodes=1
[    0.003333] trace event string verifier disabled
[    0.003333] Running RCU self tests
[    0.003333] Running RCU synchronous self tests
[    0.003333] rcu: Hierarchical RCU implementation.
[    0.003333] rcu: 	RCU lockdep checking is enabled.
[    0.003333] 	Tracing variant of Tasks RCU enabled.
[    0.003333] rcu: RCU calculated value of scheduler-enlistment delay is 30 jiffies.
[    0.003333] Running RCU synchronous self tests
[    0.003333] NR_IRQS: 2304, nr_irqs: 440, preallocated irqs: 16
[    0.003333] rcu: srcu_init: Setting srcu_struct sizes based on contention.
[    0.003333] kfence: initialized - using 2097152 bytes for 255 objects at 0xf70f8000-0xf72f8000
[    0.003333] Console: colour VGA+ 80x25
[    0.003333] printk: console [tty0] enabled
[    0.003333] Lock dependency validator: Copyright (c) 2006 Red Hat, Inc., Ingo Molnar
[    0.003333] ... MAX_LOCKDEP_SUBCLASSES:  8
[    0.003333] ... MAX_LOCK_DEPTH:          48
[    0.003333] ... MAX_LOCKDEP_KEYS:        8192
[    0.003333] ... CLASSHASH_SIZE:          4096
[    0.003333] ... MAX_LOCKDEP_ENTRIES:     32768
[    0.003333] ... MAX_LOCKDEP_CHAINS:      65536
[    0.003333] ... CHAINHASH_SIZE:          32768
[    0.003333]  memory used by lock dependency info: 3805 kB
[    0.003333]  memory used for stack traces: 2112 kB
[    0.003333]  per task-struct memory footprint: 1344 bytes
[    0.003333] ACPI: Core revision 20221020
[    0.003333] APIC: Switch to symmetric I/O mode setup
[    0.003333] Enabling APIC mode:  Flat.  Using 1 I/O APICs
[    0.003333] ..TIMER: vector=0x30 apic1=0 pin1=2 apic2=-1 pin2=-1
[    0.003333] clocksource: tsc-early: mask: 0xffffffffffffffff max_cycles: 0x2c246524f5a, max_idle_ns: 440795234704 ns
[    3.182377] Calibrating delay loop (skipped), value calculated using timer frequency.. 6127.92 BogoMIPS (lpj=10207876)
[    3.182475] pid_max: default: 32768 minimum: 301
[    3.182859] LSM: initializing lsm=capability,yama
[    3.182938] Yama: becoming mindful.
[    3.183359] Mount-cache hash table entries: 2048 (order: 1, 8192 bytes, linear)
[    3.183451] Mountpoint-cache hash table entries: 2048 (order: 1, 8192 bytes, linear)
[    3.185909] CPU0: Thermal monitoring enabled (TM1)
[    3.186071] Last level iTLB entries: 4KB 64, 2MB 64, 4MB 64
[    3.186139] Last level dTLB entries: 4KB 64, 2MB 0, 4MB 64, 1GB 0
[    3.186220] Spectre V1 : Mitigation: usercopy/swapgs barriers and __user pointer sanitization
[    3.186308] Spectre V2 : Mitigation: Retpolines
[    3.186369] Spectre V2 : Spectre v2 / SpectreRSB mitigation: Filling RSB on context switch
[    3.186449] Spectre V2 : Spectre v2 / SpectreRSB : Filling RSB on VMEXIT
[    3.186518] Speculative Store Bypass: Vulnerable
[    3.186580] L1TF: Kernel not compiled for PAE. No mitigation for L1TF
[    3.186655] MDS: Vulnerable: Clear CPU buffers attempted, no microcode
[    3.186724] MMIO Stale Data: Unknown: No mitigations
[    3.187395] debug: unmapping init [mem 0xc3716000-0xc371dfff]
[    3.188848] Running RCU synchronous self tests
[    3.188913] Running RCU synchronous self tests
[    3.296301] smpboot: CPU0: Intel(R) Pentium(R) 4 CPU 3.06GHz (family: 0xf, model: 0x2, stepping: 0x7)
[    3.297865] cblist_init_generic: Setting adjustable number of callback queues.
[    3.297990] cblist_init_generic: Setting shift to 1 and lim to 1.
[    3.298195] Running RCU-tasks wait API self tests
[    3.298323] Performance Events: Netburst events, Netburst P4/Xeon PMU driver.
[    3.298425] ... version:                0
[    3.298485] ... bit width:              40
[    3.298545] ... generic registers:      18
[    3.298604] ... value mask:             000000ffffffffff
[    3.298668] ... max period:             0000007fffffffff
[    3.298732] ... fixed-purpose events:   0
[    3.298791] ... event mask:             000000000003ffff
[    3.299023] Callback from call_rcu_tasks_trace() invoked.
[    3.299023] rcu: Hierarchical SRCU implementation.
[    3.299033] rcu: 	Max phase no-delay instances is 1000.
[    3.300038] NMI watchdog: Enabled. Permanently consumes one hw-PMU counter.
[    3.300482] smp: Bringing up secondary CPUs ...
[    3.301731] x86: Booting SMP configuration:
[    3.301830] .... node  #0, CPUs:      #1
[    3.397844] MDS CPU bug present and SMT on, data leak possible. See https://www.kernel.org/doc/html/latest/admin-guide/hw-vuln/mds.html for more details.
[    3.397844] smp: Brought up 1 node, 2 CPUs
[    3.397844] smpboot: Max logical packages: 1
[    3.397844] smpboot: Total of 2 processors activated (12254.91 BogoMIPS)
[    3.399949] devtmpfs: initialized
[    3.402882] Running RCU synchronous self tests
[    3.402981] Running RCU synchronous self tests
[    3.403153] clocksource: jiffies: mask: 0xffffffff max_cycles: 0xffffffff, max_idle_ns: 6370867519511994 ns
[    3.403279] futex hash table entries: 512 (order: 3, 32768 bytes, linear)
[    3.405100] NET: Registered PF_NETLINK/PF_ROUTE protocol family
[    3.408051] thermal_sys: Registered thermal governor 'step_wise'
[    3.408065] thermal_sys: Registered thermal governor 'user_space'
[    3.408276] cpuidle: using governor menu
[    3.446387] PCI: PCI BIOS revision 2.10 entry at 0xfb7f0, last bus=1
[    3.446473] PCI: Using configuration type 1 for base access
[    3.447476] HugeTLB: registered 4.00 MiB page size, pre-allocated 0 pages
[    3.447476] HugeTLB: 0 KiB vmemmap can be freed for a 4.00 MiB page
[    3.506995] raid6: sse2x2   gen()  3010 MB/s
[    3.563662] raid6: sse2x1   gen()  2902 MB/s
[    3.620338] raid6: sse1x2   gen()  2013 MB/s
[    3.677010] raid6: sse1x1   gen()  1596 MB/s
[    3.677073] raid6: using algorithm sse2x2 gen() 3010 MB/s
[    3.733659] raid6: .... xor() 2171 MB/s, rmw enabled
[    3.733728] raid6: using intx1 recovery algorithm
[    3.734679] ACPI: Added _OSI(Module Device)
[    3.734749] ACPI: Added _OSI(Processor Device)
[    3.734812] ACPI: Added _OSI(3.0 _SCP Extensions)
[    3.734876] ACPI: Added _OSI(Processor Aggregator Device)
[    3.774477] ACPI: 1 ACPI AML tables successfully acquired and loaded
[    3.789375] ACPI: Interpreter enabled
[    3.789540] ACPI: PM: (supports S0 S5)
[    3.789614] ACPI: Using IOAPIC for interrupt routing
[    3.789910] PCI: Ignoring host bridge windows from ACPI; if necessary, use "pci=use_crs" and report a bug
[    3.789999] PCI: Using E820 reservations for host bridge windows
[    3.792003] ACPI: Enabled 9 GPEs in block 00 to 0F
[    3.792108] ACPI: Enabled 1 GPEs in block 10 to 1F
[    3.842549] ACPI: PCI Root Bridge [PCI0] (domain 0000 [bus 00-ff])
[    3.842686] acpi PNP0A03:00: _OSC: OS supports [Segments MSI HPX-Type3]
[    3.842759] acpi PNP0A03:00: PCIe port services disabled; not requesting _OSC control
[    3.842949] acpi PNP0A03:00: fail to add MMCONFIG information, can't access extended configuration space under this bridge
[    3.844877] PCI host bridge to bus 0000:00
[    3.844950] pci_bus 0000:00: root bus resource [io  0x0000-0xffff]
[    3.845025] pci_bus 0000:00: root bus resource [mem 0x00000000-0xffffffff]
[    3.845107] pci_bus 0000:00: root bus resource [bus 00-ff]
[    3.845352] pci 0000:00:00.0: [1039:0651] type 00 class 0x060000
[    3.845443] pci 0000:00:00.0: reg 0x10: [mem 0xe0000000-0xe3ffffff]
[    3.846060] pci 0000:00:01.0: [1039:0001] type 01 class 0x060400
[    3.846582] pci 0000:00:02.0: [1039:0008] type 00 class 0x060100
[    3.846788] pci 0000:00:02.0: Enabling SiS 96x SMBus
[    3.847521] pci 0000:00:02.1: [1039:0016] type 00 class 0x0c0500
[    3.847671] pci 0000:00:02.1: reg 0x20: [io  0x10c0-0x10df]
[    3.848127] pci 0000:00:02.5: [1039:5513] type 00 class 0x01018a
[    3.848226] pci 0000:00:02.5: reg 0x10: [io  0x01f0-0x01f7]
[    3.848307] pci 0000:00:02.5: reg 0x14: [io  0x03f4-0x03f7]
[    3.848388] pci 0000:00:02.5: reg 0x18: [io  0x0170-0x0177]
[    3.848468] pci 0000:00:02.5: reg 0x1c: [io  0x0374-0x0377]
[    3.848548] pci 0000:00:02.5: reg 0x20: [io  0x4000-0x400f]
[    3.848646] pci 0000:00:02.5: legacy IDE quirk: reg 0x10: [io  0x01f0-0x01f7]
[    3.848721] pci 0000:00:02.5: legacy IDE quirk: reg 0x14: [io  0x03f6]
[    3.848792] pci 0000:00:02.5: legacy IDE quirk: reg 0x18: [io  0x0170-0x0177]
[    3.848865] pci 0000:00:02.5: legacy IDE quirk: reg 0x1c: [io  0x0376]
[    3.849001] pci 0000:00:02.5: supports D1
[    3.849038] pci 0000:00:02.5: PME# supported from D3cold
[    3.849772] pci 0000:00:02.7: [1039:7012] type 00 class 0x040100
[    3.849871] pci 0000:00:02.7: reg 0x10: [io  0xe000-0xe0ff]
[    3.849954] pci 0000:00:02.7: reg 0x14: [io  0xe400-0xe47f]
[    3.850156] pci 0000:00:02.7: supports D1 D2
[    3.850220] pci 0000:00:02.7: PME# supported from D3hot D3cold
[    3.850870] pci 0000:00:03.0: [1039:7001] type 00 class 0x0c0310
[    3.850968] pci 0000:00:03.0: reg 0x10: [mem 0xe6005000-0xe6005fff]
[    3.851786] pci 0000:00:03.1: [1039:7001] type 00 class 0x0c0310
[    3.851885] pci 0000:00:03.1: reg 0x10: [mem 0xe6002000-0xe6002fff]
[    3.852729] pci 0000:00:03.2: [1039:7001] type 00 class 0x0c0310
[    3.852827] pci 0000:00:03.2: reg 0x10: [mem 0xe6003000-0xe6003fff]
[    3.853555] pci 0000:00:03.3: [1039:7002] type 00 class 0x0c0320
[    3.853657] pci 0000:00:03.3: reg 0x10: [mem 0xe6004000-0xe6004fff]
[    3.853882] pci 0000:00:03.3: PME# supported from D0 D3hot D3cold
[    3.854522] pci 0000:00:0a.0: [1814:0201] type 00 class 0x028000
[    3.854619] pci 0000:00:0a.0: reg 0x10: [mem 0xe6000000-0xe6001fff]
[    3.855159] pci 0000:00:0f.0: [10ec:8139] type 00 class 0x020000
[    3.855256] pci 0000:00:0f.0: reg 0x10: [io  0xe800-0xe8ff]
[    3.855338] pci 0000:00:0f.0: reg 0x14: [mem 0xe6006000-0xe60060ff]
[    3.855541] pci 0000:00:0f.0: supports D1 D2
[    3.855604] pci 0000:00:0f.0: PME# supported from D1 D2 D3hot D3cold
[    3.856048] pci 0000:00:10.0: [1106:3044] type 00 class 0x0c0010
[    3.856147] pci 0000:00:10.0: reg 0x10: [mem 0xe6007000-0xe60077ff]
[    3.856232] pci 0000:00:10.0: reg 0x14: [io  0xec00-0xec7f]
[    3.856437] pci 0000:00:10.0: supports D2
[    3.856499] pci 0000:00:10.0: PME# supported from D2 D3hot D3cold
[    3.856924] pci_bus 0000:01: extended config space not accessible
[    3.857162] pci 0000:01:00.0: [1002:4150] type 00 class 0x030000
[    3.857253] pci 0000:01:00.0: reg 0x10: [mem 0xc0000000-0xcfffffff pref]
[    3.857338] pci 0000:01:00.0: reg 0x14: [io  0xd000-0xd0ff]
[    3.857417] pci 0000:01:00.0: reg 0x18: [mem 0xe5000000-0xe500ffff]
[    3.857528] pci 0000:01:00.0: reg 0x30: [mem 0x00000000-0x0001ffff pref]
[    3.857640] pci 0000:01:00.0: Video device with shadowed ROM at [mem 0x000c0000-0x000dffff]
[    3.857770] pci 0000:01:00.0: supports D1 D2
[    3.858113] pci 0000:01:00.1: [1002:4170] type 00 class 0x038000
[    3.858200] pci 0000:01:00.1: reg 0x10: [mem 0xd0000000-0xdfffffff pref]
[    3.858281] pci 0000:01:00.1: reg 0x14: [mem 0xe5010000-0xe501ffff]
[    3.858449] pci 0000:01:00.1: supports D1 D2
[    3.858821] pci 0000:00:01.0: PCI bridge to [bus 01]
[    3.858892] pci 0000:00:01.0:   bridge window [io  0xd000-0xdfff]
[    3.858966] pci 0000:00:01.0:   bridge window [mem 0xe4000000-0xe5ffffff]
[    3.859039] pci 0000:00:01.0:   bridge window [mem 0xc0000000-0xdfffffff pref]
[    3.860312] ACPI: PCI: Interrupt link LNKA configured for IRQ 12
[    3.861112] ACPI: PCI: Interrupt link LNKB configured for IRQ 10
[    3.861868] ACPI: PCI: Interrupt link LNKC configured for IRQ 11
[    3.862661] ACPI: PCI: Interrupt link LNKD configured for IRQ 5
[    3.863412] ACPI: PCI: Interrupt link LNKE configured for IRQ 10
[    3.864188] ACPI: PCI: Interrupt link LNKF configured for IRQ 11
[    3.864942] ACPI: PCI: Interrupt link LNKG configured for IRQ 9
[    3.865708] ACPI: PCI: Interrupt link LNKH configured for IRQ 7
[    3.871411] iommu: Default domain type: Translated 
[    3.871490] iommu: DMA domain TLB invalidation policy: lazy mode 
[    3.872738] SCSI subsystem initialized
[    3.872880] pps_core: LinuxPPS API ver. 1 registered
[    3.872880] pps_core: Software ver. 5.3.6 - Copyright 2005-2007 Rodolfo Giometti <giometti@linux.it>
[    3.875708] PTP clock support registered
[    3.877498] PCI: Using ACPI for IRQ routing
[    3.878000] pci 0000:01:00.0: vgaarb: setting as boot VGA device
[    3.878000] pci 0000:01:00.0: vgaarb: bridge control possible
[    3.878000] pci 0000:01:00.0: vgaarb: VGA device added: decodes=io+mem,owns=io+mem,locks=none
[    3.878000] vgaarb: loaded
[    3.879483] clocksource: Switched to clocksource tsc-early
[    3.882458] pnp: PnP ACPI init
[    3.892316] system 00:01: [io  0x04d0-0x04d1] has been reserved
[    3.892471] system 00:01: [io  0x0800-0x0805] has been reserved
[    3.892581] system 00:01: [io  0x0290-0x0297] has been reserved
[    3.909769] pnp: PnP ACPI: found 7 devices
[    3.973332] clocksource: acpi_pm: mask: 0xffffff max_cycles: 0xffffff, max_idle_ns: 2085701024 ns
[    3.974047] NET: Registered PF_INET protocol family
[    3.974763] IP idents hash table entries: 16384 (order: 5, 131072 bytes, linear)
[    3.977725] tcp_listen_portaddr_hash hash table entries: 512 (order: 2, 20480 bytes, linear)
[    3.978165] Table-perturb hash table entries: 65536 (order: 6, 262144 bytes, linear)
[    3.978432] TCP established hash table entries: 8192 (order: 3, 32768 bytes, linear)
[    3.980140] TCP bind hash table entries: 8192 (order: 7, 655360 bytes, linear)
[    3.982232] TCP: Hash tables configured (established 8192 bind 8192)
[    3.982950] UDP hash table entries: 512 (order: 3, 49152 bytes, linear)
[    3.983317] UDP-Lite hash table entries: 512 (order: 3, 49152 bytes, linear)
[    3.984405] NET: Registered PF_UNIX/PF_LOCAL protocol family
[    3.984734] pci 0000:00:01.0: PCI bridge to [bus 01]
[    3.984840] pci 0000:00:01.0:   bridge window [io  0xd000-0xdfff]
[    3.984954] pci 0000:00:01.0:   bridge window [mem 0xe4000000-0xe5ffffff]
[    3.985063] pci 0000:00:01.0:   bridge window [mem 0xc0000000-0xdfffffff pref]
[    3.985188] pci_bus 0000:00: resource 4 [io  0x0000-0xffff]
[    3.985326] pci_bus 0000:00: resource 5 [mem 0x00000000-0xffffffff]
[    3.985429] pci_bus 0000:01: resource 0 [io  0xd000-0xdfff]
[    3.985526] pci_bus 0000:01: resource 1 [mem 0xe4000000-0xe5ffffff]
[    3.985628] pci_bus 0000:01: resource 2 [mem 0xc0000000-0xdfffffff pref]
[    4.017006] pci 0000:00:03.0: quirk_usb_early_handoff+0x0/0x5f4 took 29830 usecs
[    4.046762] pci 0000:00:03.1: quirk_usb_early_handoff+0x0/0x5f4 took 28874 usecs
[    4.076073] pci 0000:00:03.2: quirk_usb_early_handoff+0x0/0x5f4 took 28489 usecs
[    4.077825] PCI: CLS 32 bytes, default 64
[    4.080991] Initialise system trusted keyrings
[    4.081568] workingset: timestamp_bits=14 max_order=19 bucket_order=5
[    4.083740] fuse: init (API version 7.38)
[    4.084744] NET: Registered PF_ALG protocol family
[    4.084890] xor: measuring software checksum speed
[    4.087171]    pIII_sse        :  4621 MB/sec
[    4.088923]    prefetch64-sse  :  6024 MB/sec
[    4.088985] xor: using function: prefetch64-sse (6024 MB/sec)
[    4.089094] Key type asymmetric registered
[    4.089193] Asymmetric key parser 'x509' registered
[    4.096829] bounce: pool size: 64 pages
[    4.097096] Block layer SCSI generic (bsg) driver version 0.4 loaded (major 250)
[    4.097442] io scheduler bfq registered
[    4.104029] Serial: 8250/16550 driver, 4 ports, IRQ sharing disabled
[    4.104503] 00:04: ttyS0 at I/O 0x3f8 (irq = 4, base_baud = 115200) is a 16550A
[    4.105351] 00:05: ttyS1 at I/O 0x2f8 (irq = 3, base_baud = 115200) is a 16550A
[    4.108042] ACPI: bus type drm_connector registered
[    4.111631] pata_sis 0000:00:02.5: SiS 962/963 MuTIOL IDE UDMA133 controller
[    4.120874] scsi host0: pata_sis
[    4.122444] scsi host1: pata_sis
[    4.122888] ata1: PATA max UDMA/133 cmd 0x1f0 ctl 0x3f6 bmdma 0x4000 irq 14
[    4.122964] ata2: PATA max UDMA/133 cmd 0x170 ctl 0x376 bmdma 0x4008 irq 15
[    4.123616] e1000: Intel(R) PRO/1000 Network Driver
[    4.123693] e1000: Copyright (c) 1999-2006 Intel Corporation.
[    4.123949] 8139too: 8139too Fast Ethernet driver 0.9.28
[    4.126560] 8139too 0000:00:0f.0 eth0: RealTek RTL8139 at 0xf7c26000, 00:30:1b:2f:2c:58, IRQ 18
[    4.127122] i8042: PNP: No PS/2 controller found.
[    4.127191] i8042: Probing ports directly.
[    4.128041] serio: i8042 KBD port at 0x60,0x64 irq 1
[    4.128205] serio: i8042 AUX port at 0x60,0x64 irq 12
[    4.129628] rtc_cmos 00:02: RTC can wake from S4
[    4.130980] rtc_cmos 00:02: registered as rtc0
[    4.131102] rtc_cmos 00:02: setting system clock to 2023-04-18T09:47:52 UTC (1681811272)
[    4.131413] rtc_cmos 00:02: alarms up to one year, 242 bytes nvram
[    4.131582] fail to initialize ptp_kvm
[    4.131760] intel_pstate: CPU model not supported
[    4.132847] NET: Registered PF_INET6 protocol family
[    4.135438] Segment Routing with IPv6
[    4.135571] In-situ OAM (IOAM) with IPv6
[    4.135728] NET: Registered PF_PACKET protocol family
[    4.137539] microcode: Microcode Update Driver: v2.2.
[    4.137566] IPI shorthand broadcast: enabled
[    4.153271] sched_clock: Marking stable (992878283, 3159023550)->(4152832794, -930961)
[    4.155073] registered taskstats version 1
[    4.156103] Loading compiled-in X.509 certificates
[    4.182954] zswap: loaded using pool zstd/z3fold
[    4.253424] Btrfs loaded, crc32c=crc32c-generic, zoned=no, fsverity=no
[    4.284548] ata1.00: ATA-7: ExcelStor Technology J8080, P21OA60A, max UDMA/133
[    4.284716] ata1.00: 160836480 sectors, multi 16: LBA48 
[    4.284821] ata1.01: ATAPI: LITE-ON CD-ROM LTN-529S, 7S06, max UDMA/33
[    4.297507] scsi 0:0:0:0: Direct-Access     ATA      ExcelStor Techno A60A PQ: 0 ANSI: 5
[    4.301491] sd 0:0:0:0: [sda] 160836480 512-byte logical blocks: (82.3 GB/76.7 GiB)
[    4.301761] sd 0:0:0:0: [sda] Write Protect is off
[    4.302094] sd 0:0:0:0: [sda] Write cache: enabled, read cache: enabled, doesn't support DPO or FUA
[    4.302449] sd 0:0:0:0: [sda] Preferred minimum I/O size 512 bytes
[    4.475955] scsi 0:0:1:0: CD-ROM            LITE-ON  CD-ROM LTN-529S  7S06 PQ: 0 ANSI: 5
[    4.503718] sr 0:0:1:0: [sr0] scsi3-mmc drive: 52x/52x cd/rw xa/form2 cdda tray
[    4.503908] cdrom: Uniform CD-ROM driver Revision: 3.20
[    4.554886]  sda: sda1 sda2 sda3 sda4 sda5
[    4.558649] sd 0:0:0:0: [sda] Attached SCSI disk
[    5.052493] tsc: Refined TSC clocksource calibration: 3062.658 MHz
[    5.052648] clocksource: tsc: mask: 0xffffffffffffffff max_cycles: 0x2c257bf0c93, max_idle_ns: 440795221674 ns
[    5.053114] clocksource: Switched to clocksource tsc
[    7.285309] netpoll: netconsole: local port 6666
[    7.285412] netpoll: netconsole: local IPv4 address 192.168.178.10
[    7.285509] netpoll: netconsole: interface 'eth0'
[    7.285593] netpoll: netconsole: remote port 6666
[    7.285676] netpoll: netconsole: remote IPv4 address 192.168.178.3
[    7.285820] netpoll: netconsole: remote ethernet address 70:85:c2:30:ec:01
[    7.285925] netpoll: netconsole: device eth0 not up yet, forcing it
[    7.286540] 8139too 0000:00:0f.0 eth0: link up, 100Mbps, full-duplex, lpa 0xC5E1
[    7.289090] printk: console [netcon0] enabled
[    7.298748] netconsole: network logging started
[    7.340977] BTRFS: device label bisect_p4 devid 1 transid 8319 /dev/root scanned by swapper/0 (1)
[    7.344316] BTRFS info (device sda4): using xxhash64 (xxhash64-generic) checksum algorithm
[    7.344681] BTRFS info (device sda4): disk space caching is enabled
[    7.518380] VFS: Mounted root (btrfs filesystem) readonly on device 0:16.
[    7.518774] debug: unmapping init [mem 0xc3679000-0xc3715fff]
[    7.519367] Write protecting kernel text and read-only data: 11676k
[    7.519510] rodata_test: all tests were successful
[    7.519627] kallsyms_selftest: start
[    7.519672] Run /sbin/init as init process
[    7.555946] 
[    7.556068] ================================
[    7.556144] WARNING: inconsistent lock state
[    7.556209] 6.3.0-rc7-P3 #1 Not tainted
[    7.556268] --------------------------------
[    7.556319] inconsistent {IN-HARDIRQ-W} -> {HARDIRQ-ON-W} usage.
[    7.556374] kallsyms_test/55 [HC0[0]:SC1[1]:HE1:SE0] takes:
[    7.556429] c1b09784 (&syncp->seq#2){?.-.}-{0:0}, at: __napi_poll+0x26/0x1a4
[    7.556508] {IN-HARDIRQ-W} state was registered at:
[    7.556560]   lock_acquire+0xb5/0x1cc
[    7.556617]   rtl8139_interrupt+0x24a/0x3cc
[    7.556673]   __handle_irq_event_percpu+0x6e/0x1e4
[    7.556760]   handle_irq_event_percpu+0xc/0x30
[    7.556815]   handle_irq_event+0x26/0x40
[    7.556868]   handle_fasteoi_irq+0xa1/0x154
[    7.556923]   __handle_irq+0x85/0xe0
[    7.556979]   __common_interrupt+0x77/0xe8
[    7.557033]   common_interrupt+0x24/0x44
[    7.557088]   asm_common_interrupt+0x102/0x120
[    7.557145]   __schedule+0x782/0x9b8
[    7.557200]   schedule+0x5b/0xa8
[    7.557252]   schedule_timeout+0x6f/0xb4
[    7.557333]   test_entry+0x1f/0x600
[    7.557387]   kthread+0xbc/0xc8
[    7.557441]   ret_from_fork+0x1c/0x28
[    7.557495] irq event stamp: 5715720
[    7.557544] hardirqs last  enabled at (5715720): [<c309ea57>] net_rx_action+0x7b/0x23c
[    7.557611] hardirqs last disabled at (5715719): [<c309ea36>] net_rx_action+0x5a/0x23c
[    7.557677] softirqs last  enabled at (5715714): [<c321752a>] __do_softirq+0x272/0x2a7
[    7.557744] softirqs last disabled at (5715717): [<c2a1e4e8>] do_softirq_own_stack+0x50/0x58
[    7.557812] 
[    7.557812] other info that might help us debug this:
[    7.557871]  Possible unsafe locking scenario:
[    7.557871] 
[    7.557928]        CPU0
[    7.558001]        ----
[    7.558048]   lock(&syncp->seq#2);
[    7.558102]   <Interrupt>
[    7.558149]     lock(&syncp->seq#2);
[    7.558203] 
[    7.558203]  *** DEADLOCK ***
[    7.558203] 
[    7.558266] 1 lock held by kallsyms_test/55:
[    7.558318]  #0: c1b09824 (&tp->rx_lock){+.-.}-{2:2}, at: rtl8139_poll+0x27/0x430
[    7.558395] 
[    7.558395] stack backtrace:
[    7.558452] CPU: 0 PID: 55 Comm: kallsyms_test Not tainted 6.3.0-rc7-P3 #1
[    7.558510] Hardware name:  /FS51, BIOS 6.00 PG 12/02/2003
[    7.558590] Call Trace:
[    7.558640]  <SOFTIRQ>
[    7.558689]  dump_stack_lvl+0x77/0xb4
[    7.558745]  dump_stack+0xd/0x14
[    7.558798]  print_usage_bug+0x255/0x25c
[    7.558854]  mark_lock_irq+0x3a9/0x3b0
[    7.558909]  ? save_trace+0x33/0x298
[    7.558963]  mark_lock+0xee/0x154
[    7.559018]  __lock_acquire+0x4bb/0x22f4
[    7.559088]  ? rcu_read_lock_held+0x26/0x30
[    7.559145]  ? load_balance+0x7ea/0x15f4
[    7.559226]  lock_acquire+0xb5/0x1cc
[    7.559280]  ? __napi_poll+0x26/0x1a4
[    7.559335]  ? __napi_build_skb+0x2d/0x3c
[    7.559392]  rtl8139_poll+0x1f3/0x430
[    7.559447]  ? __napi_poll+0x26/0x1a4
[    7.559501]  ? __napi_poll+0x26/0x1a4
[    7.559557]  __napi_poll+0x26/0x1a4
[    7.559611]  net_rx_action+0x140/0x23c
[    7.559667]  __do_softirq+0xe6/0x2a7
[    7.559721]  ? __lock_text_end+0x3/0x3
[    7.559801]  do_softirq_own_stack+0x50/0x58
[    7.559858]  </SOFTIRQ>
[    7.559906]  __irq_exit_rcu+0x93/0xa8
[    7.559961]  irq_exit_rcu+0x8/0x14
[    7.560015]  common_interrupt+0x29/0x44
[    7.560070]  asm_common_interrupt+0x102/0x120
[    7.560126] EIP: kallsyms_expand_symbol+0x94/0xb4
[    7.560183] Code: c3 84 c9 74 1e 8d 80 81 c1 44 c3 85 db 74 09 83 ff 02 72 19 88 0a 42 4f 8a 08 40 84 c9 89 f3 75 ea 89 f3 8b 45 f0 8b 4d ec 40 <49> 75 bd 85 ff 8b 4d e4 8b 45 e8 74 03 c6 02 00 01 c8 83 c4 10 5e
[    7.560269] EAX: c3354f9e EBX: 00000001 ECX: 00000007 EDX: c1251b51
[    7.560324] ESI: 00000001 EDI: 000001f3 EBP: c1251b30 ESP: c1251b14
[    7.560378] DS: 007b ES: 007b FS: 00d8 GS: 0000 SS: 0068 EFLAGS: 00000282
[    7.560458]  ? kallsyms_expand_symbol+0x94/0xb4
[    7.560514]  ? io_ctl_prepare_pages+0x180/0x180
[    7.560574]  kallsyms_on_each_symbol+0x50/0xb8
[    7.560630]  ? test_entry+0x600/0x600
[    7.560697]  test_entry+0xea/0x600
[    7.560764]  kthread+0xbc/0xc8
[    7.560818]  ? kallsyms_test_func_weak+0x14/0x14
[    7.560874]  ? kthread_blkcg+0x24/0x24
[    7.560928]  ret_from_fork+0x1c/0x28
[    9.704880] BUG: unable to handle page fault for address: c370a778
[    9.704999] #PF: supervisor read access in kernel mode
[    9.705080] #PF: error_code(0x0000) - not-present page
[    9.705152] *pde = 03d7b063 *pte = 0370a062 
[    9.705228] Oops: 0000 [#1] SMP DEBUG_PAGEALLOC
[    9.705854] CPU: 1 PID: 1 Comm: systemd Not tainted 6.3.0-rc7-P3 #1
[    9.705930] Hardware name:  /FS51, BIOS 6.00 PG 12/02/2003
[    9.706002] EIP: do_one_initcall+0x12/0x284
[    9.706079] Code: 0a 00 64 ff 0d 24 3e 71 c3 e8 82 03 00 00 5d 31 c0 31 c9 31 d2 c3 90 90 55 89 e5 53 57 56 81 ec d4 02 00 00 89 85 20 fd ff ff <a1> 78 a7 70 c3 89 45 f0 64 8b 3d 24 3e 71 c3 8d 85 24 fd ff ff ba
[    9.706198] EAX: f7c2d000 EBX: f7c2a320 ECX: 00000000 EDX: 00000000
[    9.706272] ESI: f7c2a320 EDI: c1b55d88 EBP: c110fd98 ESP: c110fab8
[    9.706345] DS: 007b ES: 007b FS: 00d8 GS: 0033 SS: 0068 EFLAGS: 00210286
[    9.706422] CR0: 80050033 CR2: c370a778 CR3: 02091000 CR4: 000006d0
[    9.706497] Call Trace:
[    9.706562]  ? 0xf7c2d000
[    9.706634]  ? check_bytes_and_report+0x2a/0xe8
[    9.706712]  ? check_object+0x18f/0x2cc
[    9.706787]  ? check_bytes_and_report+0x2a/0xe8
[    9.706863]  ? check_object+0x18f/0x2cc
[    9.706938]  ? check_object+0x1c2/0x2cc
[    9.707012]  ? init_object+0x6c/0xb8
[    9.707084]  ? lock_release+0x28/0x22c
[    9.707158]  ? _raw_spin_unlock_irqrestore+0x27/0x5c
[    9.707237]  ? idr_get_free+0x22d/0x244
[    9.707315]  ? radix_tree_iter_tag_clear+0x18/0x28
[    9.707391]  ? idr_alloc_u32+0x78/0x94
[    9.707466]  ? lock_release+0x28/0x22c
[    9.707538]  ? idr_alloc_cyclic+0x38/0x7c
[    9.707614]  ? check_bytes_and_report+0x2a/0xe8
[    9.707691]  ? check_object+0x18f/0x2cc
[    9.707765]  ? check_object+0x1c2/0x2cc
[    9.707839]  ? init_object+0x6c/0xb8
[    9.707912]  ? lock_release+0x28/0x22c
[    9.707985]  ? _raw_spin_unlock_irqrestore+0x27/0x5c
[    9.708061]  ? trace_hardirqs_on+0x4b/0x88
[    9.708137]  ? ___slab_alloc+0x89f/0x94c
[    9.708213]  ? __kmem_cache_alloc_node+0x185/0x268
[    9.708290]  ? __kmem_cache_free+0x25f/0x268
[    9.708365]  ? do_init_module+0x1c/0x18c
[    9.708440]  ? kmalloc_trace+0x20/0xa4
[    9.708514]  ? kmalloc_trace+0x43/0xa4
[    9.708588]  do_init_module+0x3e/0x18c
[    9.708662]  load_module+0xe6e/0x1004
[    9.708734]  ? kernel_read_file_from_fd+0x41/0x60
[    9.708813]  __ia32_sys_finit_module+0x8a/0xa8
[    9.708892]  __do_fast_syscall_32+0xae/0xd8
[    9.708966]  ? vm_mmap_pgoff+0x92/0xe4
[    9.709044]  ? ksys_mmap_pgoff+0x12e/0x170
[    9.709122]  ? lockdep_sys_exit+0x20/0x84
[    9.709195]  ? __do_fast_syscall_32+0xba/0xd8
[    9.709269]  ? syscall_exit_to_user_mode+0x6b/0x160
[    9.709346]  ? __do_fast_syscall_32+0xba/0xd8
[    9.709419]  ? __do_fast_syscall_32+0xba/0xd8
[    9.709493]  ? syscall_exit_to_user_mode+0x6b/0x160
[    9.709569]  ? __do_fast_syscall_32+0xba/0xd8
[    9.709642]  ? __do_fast_syscall_32+0xba/0xd8
[    9.709715]  ? syscall_exit_to_user_mode+0x6b/0x160
[    9.709792]  ? __do_fast_syscall_32+0xba/0xd8
[    9.709866]  ? irqentry_exit+0x31/0x74
[    9.709938]  ? irqentry_exit_to_user_mode+0x25/0x2c
[    9.710014]  ? exc_page_fault+0x355/0x52c
[    9.710088]  do_fast_syscall_32+0x29/0x5c
[    9.710162]  do_SYSENTER_32+0x12/0x18
[    9.710233]  entry_SYSENTER_32+0x98/0xf1
[    9.710309] EIP: 0xb7ee5539
[    9.710380] Code: 03 74 b4 01 10 07 03 74 b0 01 10 08 03 74 d8 01 00 00 00 00 00 00 00 00 00 00 00 00 00 00 00 00 00 51 52 55 89 e5 0f 34 cd 80 <5d> 5a 59 c3 90 90 90 90 0f 1f 00 58 b8 77 00 00 00 cd 80 90 0f 1f
[    9.710496] EAX: ffffffda EBX: 00000003 ECX: b77feaf1 EDX: 00000000
[    9.710570] ESI: b77ead00 EDI: b77f5128 EBP: 01c781e0 ESP: bf8e4d4c
[    9.710644] DS: 007b ES: 007b FS: 0000 GS: 0033 SS: 007b EFLAGS: 00200296
[    9.710725] Modules linked in: dmi_sysfs(+)
[    9.710802] CR2: 00000000c370a778
[    9.710872] ---[ end trace 0000000000000000 ]---
[    9.710941] EIP: do_one_initcall+0x12/0x284
[    9.711014] Code: 0a 00 64 ff 0d 24 3e 71 c3 e8 82 03 00 00 5d 31 c0 31 c9 31 d2 c3 90 90 55 89 e5 53 57 56 81 ec d4 02 00 00 89 85 20 fd ff ff <a1> 78 a7 70 c3 89 45 f0 64 8b 3d 24 3e 71 c3 8d 85 24 fd ff ff ba
[    9.711131] EAX: f7c2d000 EBX: f7c2a320 ECX: 00000000 EDX: 00000000
[    9.711205] ESI: f7c2a320 EDI: c1b55d88 EBP: c110fd98 ESP: c110fab8
[    9.711279] DS: 007b ES: 007b FS: 00d8 GS: 0033 SS: 0068 EFLAGS: 00210286
[    9.711355] CR0: 80050033 CR2: c370a778 CR3: 02091000 CR4: 000006d0
[    9.711431] note: systemd[1] exited with irqs disabled
[    9.711576] Kernel panic - not syncing: Attempted to kill init! exitcode=0x00000009
[    9.711718] Kernel Offset: disabled
[    9.711824] Rebooting in 40 seconds..

--MP_//WcVFtr5j0pMwAJ.drr42AI
Content-Type: application/octet-stream; name=config_63-rc7_p3
Content-Transfer-Encoding: base64
Content-Disposition: attachment; filename=config_63-rc7_p3

IwojIEF1dG9tYXRpY2FsbHkgZ2VuZXJhdGVkIGZpbGU7IERPIE5PVCBFRElULgojIExpbnV4L3g4
NiA2LjMuMC1yYzcgS2VybmVsIENvbmZpZ3VyYXRpb24KIwpDT05GSUdfQ0NfVkVSU0lPTl9URVhU
PSJjbGFuZyB2ZXJzaW9uIDE1LjAuNyIKQ09ORklHX0dDQ19WRVJTSU9OPTAKQ09ORklHX0NDX0lT
X0NMQU5HPXkKQ09ORklHX0NMQU5HX1ZFUlNJT049MTUwMDA3CkNPTkZJR19BU19JU19MTFZNPXkK
Q09ORklHX0FTX1ZFUlNJT049MTUwMDA3CkNPTkZJR19MRF9WRVJTSU9OPTAKQ09ORklHX0xEX0lT
X0xMRD15CkNPTkZJR19MTERfVkVSU0lPTj0xNTAwMDcKQ09ORklHX0NDX0NBTl9MSU5LPXkKQ09O
RklHX0NDX0NBTl9MSU5LX1NUQVRJQz15CkNPTkZJR19DQ19IQVNfQVNNX0dPVE9fT1VUUFVUPXkK
Q09ORklHX0NDX0hBU19BU01fR09UT19USUVEX09VVFBVVD15CkNPTkZJR19UT09MU19TVVBQT1JU
X1JFTFI9eQpDT05GSUdfQ0NfSEFTX0FTTV9JTkxJTkU9eQpDT05GSUdfQ0NfSEFTX05PX1BST0ZJ
TEVfRk5fQVRUUj15CkNPTkZJR19QQUhPTEVfVkVSU0lPTj0wCkNPTkZJR19JUlFfV09SSz15CkNP
TkZJR19CVUlMRFRJTUVfVEFCTEVfU09SVD15CkNPTkZJR19USFJFQURfSU5GT19JTl9UQVNLPXkK
CiMKIyBHZW5lcmFsIHNldHVwCiMKQ09ORklHX0lOSVRfRU5WX0FSR19MSU1JVD0zMgojIENPTkZJ
R19DT01QSUxFX1RFU1QgaXMgbm90IHNldApDT05GSUdfV0VSUk9SPXkKQ09ORklHX0xPQ0FMVkVS
U0lPTj0iLVAzIgojIENPTkZJR19MT0NBTFZFUlNJT05fQVVUTyBpcyBub3Qgc2V0CkNPTkZJR19C
VUlMRF9TQUxUPSIiCkNPTkZJR19IQVZFX0tFUk5FTF9HWklQPXkKQ09ORklHX0hBVkVfS0VSTkVM
X0JaSVAyPXkKQ09ORklHX0hBVkVfS0VSTkVMX0xaTUE9eQpDT05GSUdfSEFWRV9LRVJORUxfWFo9
eQpDT05GSUdfSEFWRV9LRVJORUxfTFpPPXkKQ09ORklHX0hBVkVfS0VSTkVMX0xaND15CkNPTkZJ
R19IQVZFX0tFUk5FTF9aU1REPXkKIyBDT05GSUdfS0VSTkVMX0daSVAgaXMgbm90IHNldAojIENP
TkZJR19LRVJORUxfQlpJUDIgaXMgbm90IHNldAojIENPTkZJR19LRVJORUxfTFpNQSBpcyBub3Qg
c2V0CiMgQ09ORklHX0tFUk5FTF9YWiBpcyBub3Qgc2V0CiMgQ09ORklHX0tFUk5FTF9MWk8gaXMg
bm90IHNldAojIENPTkZJR19LRVJORUxfTFo0IGlzIG5vdCBzZXQKQ09ORklHX0tFUk5FTF9aU1RE
PXkKQ09ORklHX0RFRkFVTFRfSU5JVD0iIgpDT05GSUdfREVGQVVMVF9IT1NUTkFNRT0iKG5vbmUp
IgpDT05GSUdfU1lTVklQQz15CkNPTkZJR19TWVNWSVBDX1NZU0NUTD15CkNPTkZJR19QT1NJWF9N
UVVFVUU9eQpDT05GSUdfUE9TSVhfTVFVRVVFX1NZU0NUTD15CkNPTkZJR19XQVRDSF9RVUVVRT15
CkNPTkZJR19DUk9TU19NRU1PUllfQVRUQUNIPXkKIyBDT05GSUdfVVNFTElCIGlzIG5vdCBzZXQK
IyBDT05GSUdfQVVESVQgaXMgbm90IHNldApDT05GSUdfSEFWRV9BUkNIX0FVRElUU1lTQ0FMTD15
CgojCiMgSVJRIHN1YnN5c3RlbQojCkNPTkZJR19HRU5FUklDX0lSUV9QUk9CRT15CkNPTkZJR19H
RU5FUklDX0lSUV9TSE9XPXkKQ09ORklHX0dFTkVSSUNfSVJRX0VGRkVDVElWRV9BRkZfTUFTSz15
CkNPTkZJR19HRU5FUklDX1BFTkRJTkdfSVJRPXkKQ09ORklHX0dFTkVSSUNfSVJRX01JR1JBVElP
Tj15CkNPTkZJR19IQVJESVJRU19TV19SRVNFTkQ9eQpDT05GSUdfSVJRX0RPTUFJTj15CkNPTkZJ
R19JUlFfRE9NQUlOX0hJRVJBUkNIWT15CkNPTkZJR19HRU5FUklDX01TSV9JUlE9eQpDT05GSUdf
SVJRX01TSV9JT01NVT15CkNPTkZJR19HRU5FUklDX0lSUV9NQVRSSVhfQUxMT0NBVE9SPXkKQ09O
RklHX0dFTkVSSUNfSVJRX1JFU0VSVkFUSU9OX01PREU9eQpDT05GSUdfSVJRX0ZPUkNFRF9USFJF
QURJTkc9eQpDT05GSUdfU1BBUlNFX0lSUT15CiMgQ09ORklHX0dFTkVSSUNfSVJRX0RFQlVHRlMg
aXMgbm90IHNldAojIGVuZCBvZiBJUlEgc3Vic3lzdGVtCgpDT05GSUdfQ0xPQ0tTT1VSQ0VfV0FU
Q0hET0c9eQpDT05GSUdfQVJDSF9DTE9DS1NPVVJDRV9JTklUPXkKQ09ORklHX0NMT0NLU09VUkNF
X1ZBTElEQVRFX0xBU1RfQ1lDTEU9eQpDT05GSUdfR0VORVJJQ19USU1FX1ZTWVNDQUxMPXkKQ09O
RklHX0dFTkVSSUNfQ0xPQ0tFVkVOVFM9eQpDT05GSUdfR0VORVJJQ19DTE9DS0VWRU5UU19CUk9B
RENBU1Q9eQpDT05GSUdfR0VORVJJQ19DTE9DS0VWRU5UU19NSU5fQURKVVNUPXkKQ09ORklHX0dF
TkVSSUNfQ01PU19VUERBVEU9eQpDT05GSUdfSEFWRV9QT1NJWF9DUFVfVElNRVJTX1RBU0tfV09S
Sz15CkNPTkZJR19QT1NJWF9DUFVfVElNRVJTX1RBU0tfV09SSz15CkNPTkZJR19DT05URVhUX1RS
QUNLSU5HPXkKQ09ORklHX0NPTlRFWFRfVFJBQ0tJTkdfSURMRT15CgojCiMgVGltZXJzIHN1YnN5
c3RlbQojCkNPTkZJR19USUNLX09ORVNIT1Q9eQpDT05GSUdfTk9fSFpfQ09NTU9OPXkKIyBDT05G
SUdfSFpfUEVSSU9ESUMgaXMgbm90IHNldApDT05GSUdfTk9fSFpfSURMRT15CiMgQ09ORklHX05P
X0haIGlzIG5vdCBzZXQKQ09ORklHX0hJR0hfUkVTX1RJTUVSUz15CkNPTkZJR19DTE9DS1NPVVJD
RV9XQVRDSERPR19NQVhfU0tFV19VUz0xMDAKIyBlbmQgb2YgVGltZXJzIHN1YnN5c3RlbQoKQ09O
RklHX0JQRj15CkNPTkZJR19IQVZFX0VCUEZfSklUPXkKCiMKIyBCUEYgc3Vic3lzdGVtCiMKQ09O
RklHX0JQRl9TWVNDQUxMPXkKQ09ORklHX0JQRl9KSVQ9eQpDT05GSUdfQlBGX0pJVF9BTFdBWVNf
T049eQpDT05GSUdfQlBGX0pJVF9ERUZBVUxUX09OPXkKQ09ORklHX0JQRl9VTlBSSVZfREVGQVVM
VF9PRkY9eQojIENPTkZJR19CUEZfUFJFTE9BRCBpcyBub3Qgc2V0CiMgZW5kIG9mIEJQRiBzdWJz
eXN0ZW0KCkNPTkZJR19QUkVFTVBUX1ZPTFVOVEFSWV9CVUlMRD15CiMgQ09ORklHX1BSRUVNUFRf
Tk9ORSBpcyBub3Qgc2V0CkNPTkZJR19QUkVFTVBUX1ZPTFVOVEFSWT15CiMgQ09ORklHX1BSRUVN
UFQgaXMgbm90IHNldApDT05GSUdfUFJFRU1QVF9DT1VOVD15CiMgQ09ORklHX1BSRUVNUFRfRFlO
QU1JQyBpcyBub3Qgc2V0CiMgQ09ORklHX1NDSEVEX0NPUkUgaXMgbm90IHNldAoKIwojIENQVS9U
YXNrIHRpbWUgYW5kIHN0YXRzIGFjY291bnRpbmcKIwpDT05GSUdfVElDS19DUFVfQUNDT1VOVElO
Rz15CiMgQ09ORklHX0lSUV9USU1FX0FDQ09VTlRJTkcgaXMgbm90IHNldApDT05GSUdfQlNEX1BS
T0NFU1NfQUNDVD15CkNPTkZJR19CU0RfUFJPQ0VTU19BQ0NUX1YzPXkKQ09ORklHX1RBU0tTVEFU
Uz15CkNPTkZJR19UQVNLX0RFTEFZX0FDQ1Q9eQpDT05GSUdfVEFTS19YQUNDVD15CkNPTkZJR19U
QVNLX0lPX0FDQ09VTlRJTkc9eQojIENPTkZJR19QU0kgaXMgbm90IHNldAojIGVuZCBvZiBDUFUv
VGFzayB0aW1lIGFuZCBzdGF0cyBhY2NvdW50aW5nCgpDT05GSUdfQ1BVX0lTT0xBVElPTj15Cgoj
CiMgUkNVIFN1YnN5c3RlbQojCkNPTkZJR19UUkVFX1JDVT15CiMgQ09ORklHX1JDVV9FWFBFUlQg
aXMgbm90IHNldApDT05GSUdfU1JDVT15CkNPTkZJR19UUkVFX1NSQ1U9eQpDT05GSUdfVEFTS1Nf
UkNVX0dFTkVSSUM9eQpDT05GSUdfVEFTS1NfVFJBQ0VfUkNVPXkKQ09ORklHX1JDVV9TVEFMTF9D
T01NT049eQpDT05GSUdfUkNVX05FRURfU0VHQ0JMSVNUPXkKIyBlbmQgb2YgUkNVIFN1YnN5c3Rl
bQoKIyBDT05GSUdfSUtDT05GSUcgaXMgbm90IHNldAojIENPTkZJR19JS0hFQURFUlMgaXMgbm90
IHNldApDT05GSUdfTE9HX0JVRl9TSElGVD0xNgpDT05GSUdfTE9HX0NQVV9NQVhfQlVGX1NISUZU
PTEyCkNPTkZJR19QUklOVEtfU0FGRV9MT0dfQlVGX1NISUZUPTEzCiMgQ09ORklHX1BSSU5US19J
TkRFWCBpcyBub3Qgc2V0CkNPTkZJR19IQVZFX1VOU1RBQkxFX1NDSEVEX0NMT0NLPXkKCiMKIyBT
Y2hlZHVsZXIgZmVhdHVyZXMKIwojIENPTkZJR19VQ0xBTVBfVEFTSyBpcyBub3Qgc2V0CiMgZW5k
IG9mIFNjaGVkdWxlciBmZWF0dXJlcwoKQ09ORklHX0FSQ0hfV0FOVF9CQVRDSEVEX1VOTUFQX1RM
Ql9GTFVTSD15CkNPTkZJR19DQ19JTVBMSUNJVF9GQUxMVEhST1VHSD0iLVdpbXBsaWNpdC1mYWxs
dGhyb3VnaCIKQ09ORklHX0dDQzExX05PX0FSUkFZX0JPVU5EUz15CkNPTkZJR19HQ0MxMl9OT19B
UlJBWV9CT1VORFM9eQpDT05GSUdfQ0dST1VQUz15CkNPTkZJR19QQUdFX0NPVU5URVI9eQojIENP
TkZJR19DR1JPVVBfRkFWT1JfRFlOTU9EUyBpcyBub3Qgc2V0CkNPTkZJR19NRU1DRz15CkNPTkZJ
R19NRU1DR19LTUVNPXkKQ09ORklHX0JMS19DR1JPVVA9eQpDT05GSUdfQ0dST1VQX1dSSVRFQkFD
Sz15CkNPTkZJR19DR1JPVVBfU0NIRUQ9eQpDT05GSUdfRkFJUl9HUk9VUF9TQ0hFRD15CiMgQ09O
RklHX0NGU19CQU5EV0lEVEggaXMgbm90IHNldAojIENPTkZJR19SVF9HUk9VUF9TQ0hFRCBpcyBu
b3Qgc2V0CkNPTkZJR19TQ0hFRF9NTV9DSUQ9eQpDT05GSUdfQ0dST1VQX1BJRFM9eQpDT05GSUdf
Q0dST1VQX1JETUE9eQojIENPTkZJR19DR1JPVVBfRlJFRVpFUiBpcyBub3Qgc2V0CiMgQ09ORklH
X0NHUk9VUF9IVUdFVExCIGlzIG5vdCBzZXQKQ09ORklHX0NQVVNFVFM9eQpDT05GSUdfUFJPQ19Q
SURfQ1BVU0VUPXkKIyBDT05GSUdfQ0dST1VQX0RFVklDRSBpcyBub3Qgc2V0CkNPTkZJR19DR1JP
VVBfQ1BVQUNDVD15CiMgQ09ORklHX0NHUk9VUF9QRVJGIGlzIG5vdCBzZXQKQ09ORklHX0NHUk9V
UF9CUEY9eQojIENPTkZJR19DR1JPVVBfTUlTQyBpcyBub3Qgc2V0CiMgQ09ORklHX0NHUk9VUF9E
RUJVRyBpcyBub3Qgc2V0CkNPTkZJR19TT0NLX0NHUk9VUF9EQVRBPXkKQ09ORklHX05BTUVTUEFD
RVM9eQpDT05GSUdfVVRTX05TPXkKQ09ORklHX1RJTUVfTlM9eQpDT05GSUdfSVBDX05TPXkKQ09O
RklHX1VTRVJfTlM9eQpDT05GSUdfUElEX05TPXkKQ09ORklHX05FVF9OUz15CiMgQ09ORklHX0NI
RUNLUE9JTlRfUkVTVE9SRSBpcyBub3Qgc2V0CkNPTkZJR19TQ0hFRF9BVVRPR1JPVVA9eQojIENP
TkZJR19TWVNGU19ERVBSRUNBVEVEIGlzIG5vdCBzZXQKIyBDT05GSUdfUkVMQVkgaXMgbm90IHNl
dApDT05GSUdfQkxLX0RFVl9JTklUUkQ9eQpDT05GSUdfSU5JVFJBTUZTX1NPVVJDRT0iIgpDT05G
SUdfUkRfR1pJUD15CiMgQ09ORklHX1JEX0JaSVAyIGlzIG5vdCBzZXQKIyBDT05GSUdfUkRfTFpN
QSBpcyBub3Qgc2V0CiMgQ09ORklHX1JEX1haIGlzIG5vdCBzZXQKIyBDT05GSUdfUkRfTFpPIGlz
IG5vdCBzZXQKIyBDT05GSUdfUkRfTFo0IGlzIG5vdCBzZXQKQ09ORklHX1JEX1pTVEQ9eQojIENP
TkZJR19CT09UX0NPTkZJRyBpcyBub3Qgc2V0CkNPTkZJR19JTklUUkFNRlNfUFJFU0VSVkVfTVRJ
TUU9eQojIENPTkZJR19DQ19PUFRJTUlaRV9GT1JfUEVSRk9STUFOQ0UgaXMgbm90IHNldApDT05G
SUdfQ0NfT1BUSU1JWkVfRk9SX1NJWkU9eQpDT05GSUdfTERfT1JQSEFOX1dBUk49eQpDT05GSUdf
TERfT1JQSEFOX1dBUk5fTEVWRUw9ImVycm9yIgpDT05GSUdfU1lTQ1RMPXkKQ09ORklHX0hBVkVf
VUlEMTY9eQpDT05GSUdfU1lTQ1RMX0VYQ0VQVElPTl9UUkFDRT15CkNPTkZJR19IQVZFX1BDU1BL
Ul9QTEFURk9STT15CkNPTkZJR19FWFBFUlQ9eQpDT05GSUdfVUlEMTY9eQpDT05GSUdfTVVMVElV
U0VSPXkKIyBDT05GSUdfU0dFVE1BU0tfU1lTQ0FMTCBpcyBub3Qgc2V0CiMgQ09ORklHX1NZU0ZT
X1NZU0NBTEwgaXMgbm90IHNldApDT05GSUdfRkhBTkRMRT15CkNPTkZJR19QT1NJWF9USU1FUlM9
eQpDT05GSUdfUFJJTlRLPXkKQ09ORklHX0JVRz15CkNPTkZJR19FTEZfQ09SRT15CiMgQ09ORklH
X1BDU1BLUl9QTEFURk9STSBpcyBub3Qgc2V0CkNPTkZJR19CQVNFX0ZVTEw9eQpDT05GSUdfRlVU
RVg9eQpDT05GSUdfRlVURVhfUEk9eQpDT05GSUdfRVBPTEw9eQpDT05GSUdfU0lHTkFMRkQ9eQpD
T05GSUdfVElNRVJGRD15CkNPTkZJR19FVkVOVEZEPXkKQ09ORklHX1NITUVNPXkKQ09ORklHX0FJ
Tz15CkNPTkZJR19JT19VUklORz15CkNPTkZJR19BRFZJU0VfU1lTQ0FMTFM9eQpDT05GSUdfTUVN
QkFSUklFUj15CkNPTkZJR19LQUxMU1lNUz15CkNPTkZJR19LQUxMU1lNU19TRUxGVEVTVD15CkNP
TkZJR19LQUxMU1lNU19BTEw9eQpDT05GSUdfS0FMTFNZTVNfQkFTRV9SRUxBVElWRT15CkNPTkZJ
R19BUkNIX0hBU19NRU1CQVJSSUVSX1NZTkNfQ09SRT15CkNPTkZJR19LQ01QPXkKQ09ORklHX1JT
RVE9eQojIENPTkZJR19ERUJVR19SU0VRIGlzIG5vdCBzZXQKIyBDT05GSUdfRU1CRURERUQgaXMg
bm90IHNldApDT05GSUdfSEFWRV9QRVJGX0VWRU5UUz15CiMgQ09ORklHX1BDMTA0IGlzIG5vdCBz
ZXQKCiMKIyBLZXJuZWwgUGVyZm9ybWFuY2UgRXZlbnRzIEFuZCBDb3VudGVycwojCkNPTkZJR19Q
RVJGX0VWRU5UUz15CiMgQ09ORklHX0RFQlVHX1BFUkZfVVNFX1ZNQUxMT0MgaXMgbm90IHNldAoj
IGVuZCBvZiBLZXJuZWwgUGVyZm9ybWFuY2UgRXZlbnRzIEFuZCBDb3VudGVycwoKQ09ORklHX1NZ
U1RFTV9EQVRBX1ZFUklGSUNBVElPTj15CiMgQ09ORklHX1BST0ZJTElORyBpcyBub3Qgc2V0CkNP
TkZJR19UUkFDRVBPSU5UUz15CiMgZW5kIG9mIEdlbmVyYWwgc2V0dXAKCiMgQ09ORklHXzY0QklU
IGlzIG5vdCBzZXQKQ09ORklHX1g4Nl8zMj15CkNPTkZJR19YODY9eQpDT05GSUdfSU5TVFJVQ1RJ
T05fREVDT0RFUj15CkNPTkZJR19PVVRQVVRfRk9STUFUPSJlbGYzMi1pMzg2IgpDT05GSUdfTE9D
S0RFUF9TVVBQT1JUPXkKQ09ORklHX1NUQUNLVFJBQ0VfU1VQUE9SVD15CkNPTkZJR19NTVU9eQpD
T05GSUdfQVJDSF9NTUFQX1JORF9CSVRTX01JTj04CkNPTkZJR19BUkNIX01NQVBfUk5EX0JJVFNf
TUFYPTE2CkNPTkZJR19BUkNIX01NQVBfUk5EX0NPTVBBVF9CSVRTX01JTj04CkNPTkZJR19BUkNI
X01NQVBfUk5EX0NPTVBBVF9CSVRTX01BWD0xNgpDT05GSUdfR0VORVJJQ19JU0FfRE1BPXkKQ09O
RklHX0dFTkVSSUNfQlVHPXkKQ09ORklHX0FSQ0hfTUFZX0hBVkVfUENfRkRDPXkKQ09ORklHX0dF
TkVSSUNfQ0FMSUJSQVRFX0RFTEFZPXkKQ09ORklHX0FSQ0hfSEFTX0NQVV9SRUxBWD15CkNPTkZJ
R19BUkNIX0hJQkVSTkFUSU9OX1BPU1NJQkxFPXkKQ09ORklHX0FSQ0hfU1VTUEVORF9QT1NTSUJM
RT15CkNPTkZJR19YODZfMzJfU01QPXkKQ09ORklHX0FSQ0hfU1VQUE9SVFNfVVBST0JFUz15CkNP
TkZJR19GSVhfRUFSTFlDT05fTUVNPXkKQ09ORklHX1BHVEFCTEVfTEVWRUxTPTIKQ09ORklHX0ND
X0hBU19TQU5FX1NUQUNLUFJPVEVDVE9SPXkKCiMKIyBQcm9jZXNzb3IgdHlwZSBhbmQgZmVhdHVy
ZXMKIwpDT05GSUdfU01QPXkKQ09ORklHX1g4Nl9GRUFUVVJFX05BTUVTPXkKQ09ORklHX1g4Nl9N
UFBBUlNFPXkKIyBDT05GSUdfR09MREZJU0ggaXMgbm90IHNldAojIENPTkZJR19YODZfQ1BVX1JF
U0NUUkwgaXMgbm90IHNldAojIENPTkZJR19YODZfQklHU01QIGlzIG5vdCBzZXQKIyBDT05GSUdf
WDg2X0VYVEVOREVEX1BMQVRGT1JNIGlzIG5vdCBzZXQKIyBDT05GSUdfWDg2X0lOVEVMX0xQU1Mg
aXMgbm90IHNldAojIENPTkZJR19YODZfQU1EX1BMQVRGT1JNX0RFVklDRSBpcyBub3Qgc2V0CiMg
Q09ORklHX0lPU0ZfTUJJIGlzIG5vdCBzZXQKQ09ORklHX1g4Nl9TVVBQT1JUU19NRU1PUllfRkFJ
TFVSRT15CiMgQ09ORklHX1g4Nl8zMl9JUklTIGlzIG5vdCBzZXQKQ09ORklHX1NDSEVEX09NSVRf
RlJBTUVfUE9JTlRFUj15CkNPTkZJR19IWVBFUlZJU09SX0dVRVNUPXkKQ09ORklHX1BBUkFWSVJU
PXkKIyBDT05GSUdfUEFSQVZJUlRfREVCVUcgaXMgbm90IHNldAojIENPTkZJR19QQVJBVklSVF9T
UElOTE9DS1MgaXMgbm90IHNldApDT05GSUdfWDg2X0hWX0NBTExCQUNLX1ZFQ1RPUj15CkNPTkZJ
R19LVk1fR1VFU1Q9eQpDT05GSUdfQVJDSF9DUFVJRExFX0hBTFRQT0xMPXkKIyBDT05GSUdfUFZI
IGlzIG5vdCBzZXQKIyBDT05GSUdfUEFSQVZJUlRfVElNRV9BQ0NPVU5USU5HIGlzIG5vdCBzZXQK
Q09ORklHX1BBUkFWSVJUX0NMT0NLPXkKIyBDT05GSUdfTTQ4NlNYIGlzIG5vdCBzZXQKIyBDT05G
SUdfTTQ4NiBpcyBub3Qgc2V0CiMgQ09ORklHX001ODYgaXMgbm90IHNldAojIENPTkZJR19NNTg2
VFNDIGlzIG5vdCBzZXQKIyBDT05GSUdfTTU4Nk1NWCBpcyBub3Qgc2V0CiMgQ09ORklHX002ODYg
aXMgbm90IHNldAojIENPTkZJR19NUEVOVElVTUlJIGlzIG5vdCBzZXQKQ09ORklHX01QRU5USVVN
SUlJPXkKIyBDT05GSUdfTVBFTlRJVU1NIGlzIG5vdCBzZXQKIyBDT05GSUdfTVBFTlRJVU00IGlz
IG5vdCBzZXQKIyBDT05GSUdfTUs2IGlzIG5vdCBzZXQKIyBDT05GSUdfTUs3IGlzIG5vdCBzZXQK
IyBDT05GSUdfTUs4IGlzIG5vdCBzZXQKIyBDT05GSUdfTUNSVVNPRSBpcyBub3Qgc2V0CiMgQ09O
RklHX01FRkZJQ0VPTiBpcyBub3Qgc2V0CiMgQ09ORklHX01XSU5DSElQQzYgaXMgbm90IHNldAoj
IENPTkZJR19NV0lOQ0hJUDNEIGlzIG5vdCBzZXQKIyBDT05GSUdfTUVMQU4gaXMgbm90IHNldAoj
IENPTkZJR19NR0VPREVHWDEgaXMgbm90IHNldAojIENPTkZJR19NR0VPREVfTFggaXMgbm90IHNl
dAojIENPTkZJR19NQ1lSSVhJSUkgaXMgbm90IHNldAojIENPTkZJR19NVklBQzNfMiBpcyBub3Qg
c2V0CiMgQ09ORklHX01WSUFDNyBpcyBub3Qgc2V0CiMgQ09ORklHX01DT1JFMiBpcyBub3Qgc2V0
CiMgQ09ORklHX01BVE9NIGlzIG5vdCBzZXQKIyBDT05GSUdfWDg2X0dFTkVSSUMgaXMgbm90IHNl
dApDT05GSUdfWDg2X0lOVEVSTk9ERV9DQUNIRV9TSElGVD01CkNPTkZJR19YODZfTDFfQ0FDSEVf
U0hJRlQ9NQpDT05GSUdfWDg2X0lOVEVMX1VTRVJDT1BZPXkKQ09ORklHX1g4Nl9VU0VfUFBST19D
SEVDS1NVTT15CkNPTkZJR19YODZfVFNDPXkKQ09ORklHX1g4Nl9DTVBYQ0hHNjQ9eQpDT05GSUdf
WDg2X0NNT1Y9eQpDT05GSUdfWDg2X01JTklNVU1fQ1BVX0ZBTUlMWT02CkNPTkZJR19YODZfREVC
VUdDVExNU1I9eQpDT05GSUdfSUEzMl9GRUFUX0NUTD15CkNPTkZJR19YODZfVk1YX0ZFQVRVUkVf
TkFNRVM9eQpDT05GSUdfUFJPQ0VTU09SX1NFTEVDVD15CkNPTkZJR19DUFVfU1VQX0lOVEVMPXkK
IyBDT05GSUdfQ1BVX1NVUF9DWVJJWF8zMiBpcyBub3Qgc2V0CiMgQ09ORklHX0NQVV9TVVBfQU1E
IGlzIG5vdCBzZXQKIyBDT05GSUdfQ1BVX1NVUF9IWUdPTiBpcyBub3Qgc2V0CiMgQ09ORklHX0NQ
VV9TVVBfQ0VOVEFVUiBpcyBub3Qgc2V0CiMgQ09ORklHX0NQVV9TVVBfVFJBTlNNRVRBXzMyIGlz
IG5vdCBzZXQKIyBDT05GSUdfQ1BVX1NVUF9VTUNfMzIgaXMgbm90IHNldAojIENPTkZJR19DUFVf
U1VQX1pIQU9YSU4gaXMgbm90IHNldAojIENPTkZJR19DUFVfU1VQX1ZPUlRFWF8zMiBpcyBub3Qg
c2V0CiMgQ09ORklHX0hQRVRfVElNRVIgaXMgbm90IHNldApDT05GSUdfRE1JPXkKQ09ORklHX0JP
T1RfVkVTQV9TVVBQT1JUPXkKQ09ORklHX05SX0NQVVNfUkFOR0VfQkVHSU49MgpDT05GSUdfTlJf
Q1BVU19SQU5HRV9FTkQ9OApDT05GSUdfTlJfQ1BVU19ERUZBVUxUPTgKQ09ORklHX05SX0NQVVM9
MgojIENPTkZJR19TQ0hFRF9DTFVTVEVSIGlzIG5vdCBzZXQKQ09ORklHX1NDSEVEX1NNVD15CkNP
TkZJR19TQ0hFRF9NQz15CkNPTkZJR19TQ0hFRF9NQ19QUklPPXkKQ09ORklHX1g4Nl9MT0NBTF9B
UElDPXkKQ09ORklHX1g4Nl9JT19BUElDPXkKIyBDT05GSUdfWDg2X1JFUk9VVEVfRk9SX0JST0tF
Tl9CT09UX0lSUVMgaXMgbm90IHNldApDT05GSUdfWDg2X01DRT15CiMgQ09ORklHX1g4Nl9NQ0VM
T0dfTEVHQUNZIGlzIG5vdCBzZXQKQ09ORklHX1g4Nl9NQ0VfSU5URUw9eQojIENPTkZJR19YODZf
QU5DSUVOVF9NQ0UgaXMgbm90IHNldApDT05GSUdfWDg2X01DRV9USFJFU0hPTEQ9eQojIENPTkZJ
R19YODZfTUNFX0lOSkVDVCBpcyBub3Qgc2V0CgojCiMgUGVyZm9ybWFuY2UgbW9uaXRvcmluZwoj
CkNPTkZJR19QRVJGX0VWRU5UU19JTlRFTF9VTkNPUkU9eQpDT05GSUdfUEVSRl9FVkVOVFNfSU5U
RUxfUkFQTD15CkNPTkZJR19QRVJGX0VWRU5UU19JTlRFTF9DU1RBVEU9eQojIGVuZCBvZiBQZXJm
b3JtYW5jZSBtb25pdG9yaW5nCgojIENPTkZJR19YODZfTEVHQUNZX1ZNODYgaXMgbm90IHNldAoj
IENPTkZJR19YODZfSU9QTF9JT1BFUk0gaXMgbm90IHNldAojIENPTkZJR19UT1NISUJBIGlzIG5v
dCBzZXQKIyBDT05GSUdfWDg2X1JFQk9PVEZJWFVQUyBpcyBub3Qgc2V0CkNPTkZJR19NSUNST0NP
REU9eQpDT05GSUdfTUlDUk9DT0RFX0lOVEVMPXkKIyBDT05GSUdfTUlDUk9DT0RFX0xBVEVfTE9B
RElORyBpcyBub3Qgc2V0CiMgQ09ORklHX1g4Nl9NU1IgaXMgbm90IHNldApDT05GSUdfWDg2X0NQ
VUlEPW0KIyBDT05GSUdfTk9ISUdITUVNIGlzIG5vdCBzZXQKQ09ORklHX0hJR0hNRU00Rz15CiMg
Q09ORklHX0hJR0hNRU02NEcgaXMgbm90IHNldApDT05GSUdfVk1TUExJVF8zRz15CiMgQ09ORklH
X1ZNU1BMSVRfM0dfT1BUIGlzIG5vdCBzZXQKIyBDT05GSUdfVk1TUExJVF8yRyBpcyBub3Qgc2V0
CiMgQ09ORklHX1ZNU1BMSVRfMkdfT1BUIGlzIG5vdCBzZXQKIyBDT05GSUdfVk1TUExJVF8xRyBp
cyBub3Qgc2V0CkNPTkZJR19QQUdFX09GRlNFVD0weEMwMDAwMDAwCkNPTkZJR19ISUdITUVNPXkK
IyBDT05GSUdfWDg2X0NQQV9TVEFUSVNUSUNTIGlzIG5vdCBzZXQKQ09ORklHX0FSQ0hfRkxBVE1F
TV9FTkFCTEU9eQpDT05GSUdfQVJDSF9TUEFSU0VNRU1fRU5BQkxFPXkKQ09ORklHX0FSQ0hfU0VM
RUNUX01FTU9SWV9NT0RFTD15CkNPTkZJR19JTExFR0FMX1BPSU5URVJfVkFMVUU9MApDT05GSUdf
SElHSFBURT15CiMgQ09ORklHX1g4Nl9DSEVDS19CSU9TX0NPUlJVUFRJT04gaXMgbm90IHNldApD
T05GSUdfTVRSUj15CkNPTkZJR19NVFJSX1NBTklUSVpFUj15CkNPTkZJR19NVFJSX1NBTklUSVpF
Ul9FTkFCTEVfREVGQVVMVD0wCkNPTkZJR19NVFJSX1NBTklUSVpFUl9TUEFSRV9SRUdfTlJfREVG
QVVMVD0xCkNPTkZJR19YODZfUEFUPXkKQ09ORklHX0FSQ0hfVVNFU19QR19VTkNBQ0hFRD15CiMg
Q09ORklHX1g4Nl9VTUlQIGlzIG5vdCBzZXQKQ09ORklHX0NDX0hBU19JQlQ9eQpDT05GSUdfWDg2
X0lOVEVMX1RTWF9NT0RFX09GRj15CiMgQ09ORklHX1g4Nl9JTlRFTF9UU1hfTU9ERV9PTiBpcyBu
b3Qgc2V0CiMgQ09ORklHX1g4Nl9JTlRFTF9UU1hfTU9ERV9BVVRPIGlzIG5vdCBzZXQKIyBDT05G
SUdfRUZJIGlzIG5vdCBzZXQKIyBDT05GSUdfSFpfMTAwIGlzIG5vdCBzZXQKIyBDT05GSUdfSFpf
MjUwIGlzIG5vdCBzZXQKQ09ORklHX0haXzMwMD15CiMgQ09ORklHX0haXzEwMDAgaXMgbm90IHNl
dApDT05GSUdfSFo9MzAwCkNPTkZJR19TQ0hFRF9IUlRJQ0s9eQojIENPTkZJR19LRVhFQyBpcyBu
b3Qgc2V0CiMgQ09ORklHX0NSQVNIX0RVTVAgaXMgbm90IHNldApDT05GSUdfUEhZU0lDQUxfU1RB
UlQ9MHgxMDAwMDAwCkNPTkZJR19SRUxPQ0FUQUJMRT15CkNPTkZJR19SQU5ET01JWkVfQkFTRT15
CkNPTkZJR19YODZfTkVFRF9SRUxPQ1M9eQpDT05GSUdfUEhZU0lDQUxfQUxJR049MHgyMDAwMDAK
Q09ORklHX0hPVFBMVUdfQ1BVPXkKIyBDT05GSUdfQk9PVFBBUkFNX0hPVFBMVUdfQ1BVMCBpcyBu
b3Qgc2V0CiMgQ09ORklHX0RFQlVHX0hPVFBMVUdfQ1BVMCBpcyBub3Qgc2V0CiMgQ09ORklHX0NP
TVBBVF9WRFNPIGlzIG5vdCBzZXQKIyBDT05GSUdfQ01ETElORV9CT09MIGlzIG5vdCBzZXQKIyBD
T05GSUdfTU9ESUZZX0xEVF9TWVNDQUxMIGlzIG5vdCBzZXQKIyBDT05GSUdfU1RSSUNUX1NJR0FM
VFNUQUNLX1NJWkUgaXMgbm90IHNldAojIGVuZCBvZiBQcm9jZXNzb3IgdHlwZSBhbmQgZmVhdHVy
ZXMKCkNPTkZJR19DQ19IQVNfU0xTPXkKQ09ORklHX0NDX0hBU19SRVRVUk5fVEhVTks9eQpDT05G
SUdfQ0NfSEFTX0VOVFJZX1BBRERJTkc9eQpDT05GSUdfRlVOQ1RJT05fUEFERElOR19DRkk9MApD
T05GSUdfRlVOQ1RJT05fUEFERElOR19CWVRFUz00CkNPTkZJR19TUEVDVUxBVElPTl9NSVRJR0FU
SU9OUz15CkNPTkZJR19SRVRQT0xJTkU9eQojIENPTkZJR19SRVRIVU5LIGlzIG5vdCBzZXQKQ09O
RklHX0FSQ0hfTUhQX01FTU1BUF9PTl9NRU1PUllfRU5BQkxFPXkKCiMKIyBQb3dlciBtYW5hZ2Vt
ZW50IGFuZCBBQ1BJIG9wdGlvbnMKIwojIENPTkZJR19TVVNQRU5EIGlzIG5vdCBzZXQKIyBDT05G
SUdfSElCRVJOQVRJT04gaXMgbm90IHNldApDT05GSUdfUE09eQojIENPTkZJR19QTV9ERUJVRyBp
cyBub3Qgc2V0CkNPTkZJR19XUV9QT1dFUl9FRkZJQ0lFTlRfREVGQVVMVD15CiMgQ09ORklHX0VO
RVJHWV9NT0RFTCBpcyBub3Qgc2V0CkNPTkZJR19BUkNIX1NVUFBPUlRTX0FDUEk9eQpDT05GSUdf
QUNQST15CkNPTkZJR19BQ1BJX0xFR0FDWV9UQUJMRVNfTE9PS1VQPXkKQ09ORklHX0FSQ0hfTUlH
SFRfSEFWRV9BQ1BJX1BEQz15CkNPTkZJR19BQ1BJX1NZU1RFTV9QT1dFUl9TVEFURVNfU1VQUE9S
VD15CiMgQ09ORklHX0FDUElfREVCVUdHRVIgaXMgbm90IHNldApDT05GSUdfQUNQSV9TUENSX1RB
QkxFPXkKQ09ORklHX0FDUElfUkVWX09WRVJSSURFX1BPU1NJQkxFPXkKIyBDT05GSUdfQUNQSV9F
Q19ERUJVR0ZTIGlzIG5vdCBzZXQKIyBDT05GSUdfQUNQSV9BQyBpcyBub3Qgc2V0CiMgQ09ORklH
X0FDUElfQkFUVEVSWSBpcyBub3Qgc2V0CkNPTkZJR19BQ1BJX0JVVFRPTj1tCiMgQ09ORklHX0FD
UElfVElOWV9QT1dFUl9CVVRUT04gaXMgbm90IHNldApDT05GSUdfQUNQSV9WSURFTz1tCkNPTkZJ
R19BQ1BJX0ZBTj1tCiMgQ09ORklHX0FDUElfRE9DSyBpcyBub3Qgc2V0CkNPTkZJR19BQ1BJX0NQ
VV9GUkVRX1BTUz15CkNPTkZJR19BQ1BJX1BST0NFU1NPUl9DU1RBVEU9eQpDT05GSUdfQUNQSV9Q
Uk9DRVNTT1JfSURMRT15CkNPTkZJR19BQ1BJX1BST0NFU1NPUj15CkNPTkZJR19BQ1BJX0hPVFBM
VUdfQ1BVPXkKIyBDT05GSUdfQUNQSV9QUk9DRVNTT1JfQUdHUkVHQVRPUiBpcyBub3Qgc2V0CkNP
TkZJR19BQ1BJX1RIRVJNQUw9bQpDT05GSUdfQVJDSF9IQVNfQUNQSV9UQUJMRV9VUEdSQURFPXkK
Q09ORklHX0FDUElfVEFCTEVfVVBHUkFERT15CiMgQ09ORklHX0FDUElfREVCVUcgaXMgbm90IHNl
dAojIENPTkZJR19BQ1BJX1BDSV9TTE9UIGlzIG5vdCBzZXQKQ09ORklHX0FDUElfQ09OVEFJTkVS
PXkKQ09ORklHX0FDUElfSE9UUExVR19JT0FQSUM9eQojIENPTkZJR19BQ1BJX1NCUyBpcyBub3Qg
c2V0CiMgQ09ORklHX0FDUElfSEVEIGlzIG5vdCBzZXQKIyBDT05GSUdfQUNQSV9DVVNUT01fTUVU
SE9EIGlzIG5vdCBzZXQKIyBDT05GSUdfQUNQSV9SRURVQ0VEX0hBUkRXQVJFX09OTFkgaXMgbm90
IHNldApDT05GSUdfSEFWRV9BQ1BJX0FQRUk9eQpDT05GSUdfSEFWRV9BQ1BJX0FQRUlfTk1JPXkK
IyBDT05GSUdfQUNQSV9BUEVJIGlzIG5vdCBzZXQKIyBDT05GSUdfQUNQSV9EUFRGIGlzIG5vdCBz
ZXQKIyBDT05GSUdfQUNQSV9DT05GSUdGUyBpcyBub3Qgc2V0CiMgQ09ORklHX0FDUElfRkZIIGlz
IG5vdCBzZXQKIyBDT05GSUdfUE1JQ19PUFJFR0lPTiBpcyBub3Qgc2V0CkNPTkZJR19BQ1BJX1ZJ
T1Q9eQpDT05GSUdfWDg2X1BNX1RJTUVSPXkKCiMKIyBDUFUgRnJlcXVlbmN5IHNjYWxpbmcKIwpD
T05GSUdfQ1BVX0ZSRVE9eQpDT05GSUdfQ1BVX0ZSRVFfR09WX0FUVFJfU0VUPXkKIyBDT05GSUdf
Q1BVX0ZSRVFfU1RBVCBpcyBub3Qgc2V0CiMgQ09ORklHX0NQVV9GUkVRX0RFRkFVTFRfR09WX1BF
UkZPUk1BTkNFIGlzIG5vdCBzZXQKIyBDT05GSUdfQ1BVX0ZSRVFfREVGQVVMVF9HT1ZfUE9XRVJT
QVZFIGlzIG5vdCBzZXQKIyBDT05GSUdfQ1BVX0ZSRVFfREVGQVVMVF9HT1ZfVVNFUlNQQUNFIGlz
IG5vdCBzZXQKQ09ORklHX0NQVV9GUkVRX0RFRkFVTFRfR09WX1NDSEVEVVRJTD15CkNPTkZJR19D
UFVfRlJFUV9HT1ZfUEVSRk9STUFOQ0U9eQojIENPTkZJR19DUFVfRlJFUV9HT1ZfUE9XRVJTQVZF
IGlzIG5vdCBzZXQKIyBDT05GSUdfQ1BVX0ZSRVFfR09WX1VTRVJTUEFDRSBpcyBub3Qgc2V0CiMg
Q09ORklHX0NQVV9GUkVRX0dPVl9PTkRFTUFORCBpcyBub3Qgc2V0CiMgQ09ORklHX0NQVV9GUkVR
X0dPVl9DT05TRVJWQVRJVkUgaXMgbm90IHNldApDT05GSUdfQ1BVX0ZSRVFfR09WX1NDSEVEVVRJ
TD15CgojCiMgQ1BVIGZyZXF1ZW5jeSBzY2FsaW5nIGRyaXZlcnMKIwpDT05GSUdfWDg2X0lOVEVM
X1BTVEFURT15CiMgQ09ORklHX1g4Nl9QQ0NfQ1BVRlJFUSBpcyBub3Qgc2V0CiMgQ09ORklHX1g4
Nl9BTURfUFNUQVRFIGlzIG5vdCBzZXQKIyBDT05GSUdfWDg2X0FNRF9QU1RBVEVfVVQgaXMgbm90
IHNldApDT05GSUdfWDg2X0FDUElfQ1BVRlJFUT1tCiMgQ09ORklHX1g4Nl9QT1dFUk5PV19LNiBp
cyBub3Qgc2V0CiMgQ09ORklHX1g4Nl9QT1dFUk5PV19LNyBpcyBub3Qgc2V0CiMgQ09ORklHX1g4
Nl9QT1dFUk5PV19LOCBpcyBub3Qgc2V0CiMgQ09ORklHX1g4Nl9HWF9TVVNQTU9EIGlzIG5vdCBz
ZXQKIyBDT05GSUdfWDg2X1NQRUVEU1RFUF9DRU5UUklOTyBpcyBub3Qgc2V0CiMgQ09ORklHX1g4
Nl9TUEVFRFNURVBfSUNIIGlzIG5vdCBzZXQKIyBDT05GSUdfWDg2X1NQRUVEU1RFUF9TTUkgaXMg
bm90IHNldAojIENPTkZJR19YODZfUDRfQ0xPQ0tNT0QgaXMgbm90IHNldAojIENPTkZJR19YODZf
Q1BVRlJFUV9ORk9SQ0UyIGlzIG5vdCBzZXQKIyBDT05GSUdfWDg2X0xPTkdSVU4gaXMgbm90IHNl
dAojIENPTkZJR19YODZfTE9OR0hBVUwgaXMgbm90IHNldAojIENPTkZJR19YODZfRV9QT1dFUlNB
VkVSIGlzIG5vdCBzZXQKCiMKIyBzaGFyZWQgb3B0aW9ucwojCiMgZW5kIG9mIENQVSBGcmVxdWVu
Y3kgc2NhbGluZwoKIwojIENQVSBJZGxlCiMKQ09ORklHX0NQVV9JRExFPXkKIyBDT05GSUdfQ1BV
X0lETEVfR09WX0xBRERFUiBpcyBub3Qgc2V0CkNPTkZJR19DUFVfSURMRV9HT1ZfTUVOVT15CiMg
Q09ORklHX0NQVV9JRExFX0dPVl9URU8gaXMgbm90IHNldApDT05GSUdfQ1BVX0lETEVfR09WX0hB
TFRQT0xMPXkKQ09ORklHX0hBTFRQT0xMX0NQVUlETEU9eQojIGVuZCBvZiBDUFUgSWRsZQoKQ09O
RklHX0lOVEVMX0lETEU9eQojIGVuZCBvZiBQb3dlciBtYW5hZ2VtZW50IGFuZCBBQ1BJIG9wdGlv
bnMKCiMKIyBCdXMgb3B0aW9ucyAoUENJIGV0Yy4pCiMKIyBDT05GSUdfUENJX0dPQklPUyBpcyBu
b3Qgc2V0CiMgQ09ORklHX1BDSV9HT01NQ09ORklHIGlzIG5vdCBzZXQKIyBDT05GSUdfUENJX0dP
RElSRUNUIGlzIG5vdCBzZXQKQ09ORklHX1BDSV9HT0FOWT15CkNPTkZJR19QQ0lfQklPUz15CkNP
TkZJR19QQ0lfRElSRUNUPXkKQ09ORklHX1BDSV9NTUNPTkZJRz15CiMgQ09ORklHX1BDSV9DTkIy
MExFX1FVSVJLIGlzIG5vdCBzZXQKIyBDT05GSUdfSVNBX0JVUyBpcyBub3Qgc2V0CkNPTkZJR19J
U0FfRE1BX0FQST15CiMgQ09ORklHX0lTQSBpcyBub3Qgc2V0CiMgQ09ORklHX1NDeDIwMCBpcyBu
b3Qgc2V0CiMgQ09ORklHX09MUEMgaXMgbm90IHNldAojIENPTkZJR19BTElYIGlzIG5vdCBzZXQK
IyBDT05GSUdfTkVUNTUwMSBpcyBub3Qgc2V0CiMgQ09ORklHX0dFT1MgaXMgbm90IHNldAojIGVu
ZCBvZiBCdXMgb3B0aW9ucyAoUENJIGV0Yy4pCgojCiMgQmluYXJ5IEVtdWxhdGlvbnMKIwpDT05G
SUdfQ09NUEFUXzMyPXkKIyBlbmQgb2YgQmluYXJ5IEVtdWxhdGlvbnMKCkNPTkZJR19IQVZFX0FU
T01JQ19JT01BUD15CkNPTkZJR19IQVZFX0tWTT15CkNPTkZJR19WSVJUVUFMSVpBVElPTj15CiMg
Q09ORklHX0tWTSBpcyBub3Qgc2V0CkNPTkZJR19BU19BVlg1MTI9eQpDT05GSUdfQVNfU0hBMV9O
ST15CkNPTkZJR19BU19TSEEyNTZfTkk9eQpDT05GSUdfQVNfVFBBVVNFPXkKQ09ORklHX0FTX0dG
Tkk9eQoKIwojIEdlbmVyYWwgYXJjaGl0ZWN0dXJlLWRlcGVuZGVudCBvcHRpb25zCiMKQ09ORklH
X0hPVFBMVUdfU01UPXkKQ09ORklHX0dFTkVSSUNfRU5UUlk9eQojIENPTkZJR19LUFJPQkVTIGlz
IG5vdCBzZXQKQ09ORklHX0pVTVBfTEFCRUw9eQojIENPTkZJR19TVEFUSUNfS0VZU19TRUxGVEVT
VCBpcyBub3Qgc2V0CiMgQ09ORklHX1NUQVRJQ19DQUxMX1NFTEZURVNUIGlzIG5vdCBzZXQKQ09O
RklHX0hBVkVfRUZGSUNJRU5UX1VOQUxJR05FRF9BQ0NFU1M9eQpDT05GSUdfQVJDSF9VU0VfQlVJ
TFRJTl9CU1dBUD15CkNPTkZJR19IQVZFX0lPUkVNQVBfUFJPVD15CkNPTkZJR19IQVZFX0tQUk9C
RVM9eQpDT05GSUdfSEFWRV9LUkVUUFJPQkVTPXkKQ09ORklHX0hBVkVfT1BUUFJPQkVTPXkKQ09O
RklHX0hBVkVfS1BST0JFU19PTl9GVFJBQ0U9eQpDT05GSUdfQVJDSF9DT1JSRUNUX1NUQUNLVFJB
Q0VfT05fS1JFVFBST0JFPXkKQ09ORklHX0hBVkVfRlVOQ1RJT05fRVJST1JfSU5KRUNUSU9OPXkK
Q09ORklHX0hBVkVfTk1JPXkKQ09ORklHX1RSQUNFX0lSUUZMQUdTX1NVUFBPUlQ9eQpDT05GSUdf
VFJBQ0VfSVJRRkxBR1NfTk1JX1NVUFBPUlQ9eQpDT05GSUdfSEFWRV9BUkNIX1RSQUNFSE9PSz15
CkNPTkZJR19IQVZFX0RNQV9DT05USUdVT1VTPXkKQ09ORklHX0dFTkVSSUNfU01QX0lETEVfVEhS
RUFEPXkKQ09ORklHX0FSQ0hfSEFTX0ZPUlRJRllfU09VUkNFPXkKQ09ORklHX0FSQ0hfSEFTX1NF
VF9NRU1PUlk9eQpDT05GSUdfQVJDSF9IQVNfU0VUX0RJUkVDVF9NQVA9eQpDT05GSUdfSEFWRV9B
UkNIX1RIUkVBRF9TVFJVQ1RfV0hJVEVMSVNUPXkKQ09ORklHX0FSQ0hfV0FOVFNfRFlOQU1JQ19U
QVNLX1NUUlVDVD15CkNPTkZJR19BUkNIX1dBTlRTX05PX0lOU1RSPXkKQ09ORklHX0FSQ0hfMzJC
SVRfT0ZGX1Q9eQpDT05GSUdfSEFWRV9BU01fTU9EVkVSU0lPTlM9eQpDT05GSUdfSEFWRV9SRUdT
X0FORF9TVEFDS19BQ0NFU1NfQVBJPXkKQ09ORklHX0hBVkVfUlNFUT15CkNPTkZJR19IQVZFX0ZV
TkNUSU9OX0FSR19BQ0NFU1NfQVBJPXkKQ09ORklHX0hBVkVfSFdfQlJFQUtQT0lOVD15CkNPTkZJ
R19IQVZFX01JWEVEX0JSRUFLUE9JTlRTX1JFR1M9eQpDT05GSUdfSEFWRV9VU0VSX1JFVFVSTl9O
T1RJRklFUj15CkNPTkZJR19IQVZFX1BFUkZfRVZFTlRTX05NST15CkNPTkZJR19IQVZFX0hBUkRM
T0NLVVBfREVURUNUT1JfUEVSRj15CkNPTkZJR19IQVZFX1BFUkZfUkVHUz15CkNPTkZJR19IQVZF
X1BFUkZfVVNFUl9TVEFDS19EVU1QPXkKQ09ORklHX0hBVkVfQVJDSF9KVU1QX0xBQkVMPXkKQ09O
RklHX0hBVkVfQVJDSF9KVU1QX0xBQkVMX1JFTEFUSVZFPXkKQ09ORklHX01NVV9HQVRIRVJfVEFC
TEVfRlJFRT15CkNPTkZJR19NTVVfR0FUSEVSX1JDVV9UQUJMRV9GUkVFPXkKQ09ORklHX01NVV9H
QVRIRVJfTUVSR0VfVk1BUz15CkNPTkZJR19BUkNIX0hBVkVfTk1JX1NBRkVfQ01QWENIRz15CkNP
TkZJR19BUkNIX0hBU19OTUlfU0FGRV9USElTX0NQVV9PUFM9eQpDT05GSUdfSEFWRV9BTElHTkVE
X1NUUlVDVF9QQUdFPXkKQ09ORklHX0hBVkVfQ01QWENIR19MT0NBTD15CkNPTkZJR19IQVZFX0NN
UFhDSEdfRE9VQkxFPXkKQ09ORklHX0FSQ0hfV0FOVF9JUENfUEFSU0VfVkVSU0lPTj15CkNPTkZJ
R19IQVZFX0FSQ0hfU0VDQ09NUD15CkNPTkZJR19IQVZFX0FSQ0hfU0VDQ09NUF9GSUxURVI9eQpD
T05GSUdfU0VDQ09NUD15CkNPTkZJR19TRUNDT01QX0ZJTFRFUj15CiMgQ09ORklHX1NFQ0NPTVBf
Q0FDSEVfREVCVUcgaXMgbm90IHNldApDT05GSUdfSEFWRV9BUkNIX1NUQUNLTEVBSz15CkNPTkZJ
R19IQVZFX1NUQUNLUFJPVEVDVE9SPXkKQ09ORklHX1NUQUNLUFJPVEVDVE9SPXkKIyBDT05GSUdf
U1RBQ0tQUk9URUNUT1JfU1RST05HIGlzIG5vdCBzZXQKQ09ORklHX0FSQ0hfU1VQUE9SVFNfTFRP
X0NMQU5HPXkKQ09ORklHX0FSQ0hfU1VQUE9SVFNfTFRPX0NMQU5HX1RISU49eQpDT05GSUdfSEFT
X0xUT19DTEFORz15CkNPTkZJR19MVE9fTk9ORT15CiMgQ09ORklHX0xUT19DTEFOR19GVUxMIGlz
